Component: ARM Compiler 5.06 update 6 (build 750) Tool: armlink [4d35ed]

==============================================================================

Section Cross References

    stm32f4xx_ll_sdmmc.o(i.SDMMC_CmdAppCommand) refers to stm32f4xx_ll_sdmmc.o(i.SDIO_SendCommand) for SDIO_SendCommand
    stm32f4xx_ll_sdmmc.o(i.SDMMC_CmdAppCommand) refers to stm32f4xx_ll_sdmmc.o(i.SDMMC_GetCmdResp1) for SDMMC_GetCmdResp1
    stm32f4xx_ll_sdmmc.o(i.SDMMC_CmdAppOperCommand) refers to stm32f4xx_ll_sdmmc.o(i.SDIO_SendCommand) for SDIO_SendCommand
    stm32f4xx_ll_sdmmc.o(i.SDMMC_CmdAppOperCommand) refers to stm32f4xx_ll_sdmmc.o(i.SDMMC_GetCmdResp3) for SDMMC_GetCmdResp3
    stm32f4xx_ll_sdmmc.o(i.SDMMC_CmdBlockLength) refers to stm32f4xx_ll_sdmmc.o(i.SDIO_SendCommand) for SDIO_SendCommand
    stm32f4xx_ll_sdmmc.o(i.SDMMC_CmdBlockLength) refers to stm32f4xx_ll_sdmmc.o(i.SDMMC_GetCmdResp1) for SDMMC_GetCmdResp1
    stm32f4xx_ll_sdmmc.o(i.SDMMC_CmdBusWidth) refers to stm32f4xx_ll_sdmmc.o(i.SDIO_SendCommand) for SDIO_SendCommand
    stm32f4xx_ll_sdmmc.o(i.SDMMC_CmdBusWidth) refers to stm32f4xx_ll_sdmmc.o(i.SDMMC_GetCmdResp1) for SDMMC_GetCmdResp1
    stm32f4xx_ll_sdmmc.o(i.SDMMC_CmdErase) refers to stm32f4xx_ll_sdmmc.o(i.SDIO_SendCommand) for SDIO_SendCommand
    stm32f4xx_ll_sdmmc.o(i.SDMMC_CmdErase) refers to stm32f4xx_ll_sdmmc.o(i.SDMMC_GetCmdResp1) for SDMMC_GetCmdResp1
    stm32f4xx_ll_sdmmc.o(i.SDMMC_CmdEraseEndAdd) refers to stm32f4xx_ll_sdmmc.o(i.SDIO_SendCommand) for SDIO_SendCommand
    stm32f4xx_ll_sdmmc.o(i.SDMMC_CmdEraseEndAdd) refers to stm32f4xx_ll_sdmmc.o(i.SDMMC_GetCmdResp1) for SDMMC_GetCmdResp1
    stm32f4xx_ll_sdmmc.o(i.SDMMC_CmdEraseStartAdd) refers to stm32f4xx_ll_sdmmc.o(i.SDIO_SendCommand) for SDIO_SendCommand
    stm32f4xx_ll_sdmmc.o(i.SDMMC_CmdEraseStartAdd) refers to stm32f4xx_ll_sdmmc.o(i.SDMMC_GetCmdResp1) for SDMMC_GetCmdResp1
    stm32f4xx_ll_sdmmc.o(i.SDMMC_CmdGoIdleState) refers to stm32f4xx_ll_sdmmc.o(i.SDIO_SendCommand) for SDIO_SendCommand
    stm32f4xx_ll_sdmmc.o(i.SDMMC_CmdGoIdleState) refers to system_stm32f4xx.o(.data) for SystemCoreClock
    stm32f4xx_ll_sdmmc.o(i.SDMMC_CmdOpCondition) refers to stm32f4xx_ll_sdmmc.o(i.SDIO_SendCommand) for SDIO_SendCommand
    stm32f4xx_ll_sdmmc.o(i.SDMMC_CmdOpCondition) refers to stm32f4xx_ll_sdmmc.o(i.SDMMC_GetCmdResp3) for SDMMC_GetCmdResp3
    stm32f4xx_ll_sdmmc.o(i.SDMMC_CmdOperCond) refers to stm32f4xx_ll_sdmmc.o(i.SDIO_SendCommand) for SDIO_SendCommand
    stm32f4xx_ll_sdmmc.o(i.SDMMC_CmdOperCond) refers to system_stm32f4xx.o(.data) for SystemCoreClock
    stm32f4xx_ll_sdmmc.o(i.SDMMC_CmdReadMultiBlock) refers to stm32f4xx_ll_sdmmc.o(i.SDIO_SendCommand) for SDIO_SendCommand
    stm32f4xx_ll_sdmmc.o(i.SDMMC_CmdReadMultiBlock) refers to stm32f4xx_ll_sdmmc.o(i.SDMMC_GetCmdResp1) for SDMMC_GetCmdResp1
    stm32f4xx_ll_sdmmc.o(i.SDMMC_CmdReadSingleBlock) refers to stm32f4xx_ll_sdmmc.o(i.SDIO_SendCommand) for SDIO_SendCommand
    stm32f4xx_ll_sdmmc.o(i.SDMMC_CmdReadSingleBlock) refers to stm32f4xx_ll_sdmmc.o(i.SDMMC_GetCmdResp1) for SDMMC_GetCmdResp1
    stm32f4xx_ll_sdmmc.o(i.SDMMC_CmdSDEraseEndAdd) refers to stm32f4xx_ll_sdmmc.o(i.SDIO_SendCommand) for SDIO_SendCommand
    stm32f4xx_ll_sdmmc.o(i.SDMMC_CmdSDEraseEndAdd) refers to stm32f4xx_ll_sdmmc.o(i.SDMMC_GetCmdResp1) for SDMMC_GetCmdResp1
    stm32f4xx_ll_sdmmc.o(i.SDMMC_CmdSDEraseStartAdd) refers to stm32f4xx_ll_sdmmc.o(i.SDIO_SendCommand) for SDIO_SendCommand
    stm32f4xx_ll_sdmmc.o(i.SDMMC_CmdSDEraseStartAdd) refers to stm32f4xx_ll_sdmmc.o(i.SDMMC_GetCmdResp1) for SDMMC_GetCmdResp1
    stm32f4xx_ll_sdmmc.o(i.SDMMC_CmdSelDesel) refers to stm32f4xx_ll_sdmmc.o(i.SDIO_SendCommand) for SDIO_SendCommand
    stm32f4xx_ll_sdmmc.o(i.SDMMC_CmdSelDesel) refers to stm32f4xx_ll_sdmmc.o(i.SDMMC_GetCmdResp1) for SDMMC_GetCmdResp1
    stm32f4xx_ll_sdmmc.o(i.SDMMC_CmdSendCID) refers to stm32f4xx_ll_sdmmc.o(i.SDIO_SendCommand) for SDIO_SendCommand
    stm32f4xx_ll_sdmmc.o(i.SDMMC_CmdSendCID) refers to stm32f4xx_ll_sdmmc.o(i.SDMMC_GetCmdResp2) for SDMMC_GetCmdResp2
    stm32f4xx_ll_sdmmc.o(i.SDMMC_CmdSendCSD) refers to stm32f4xx_ll_sdmmc.o(i.SDIO_SendCommand) for SDIO_SendCommand
    stm32f4xx_ll_sdmmc.o(i.SDMMC_CmdSendCSD) refers to stm32f4xx_ll_sdmmc.o(i.SDMMC_GetCmdResp2) for SDMMC_GetCmdResp2
    stm32f4xx_ll_sdmmc.o(i.SDMMC_CmdSendSCR) refers to stm32f4xx_ll_sdmmc.o(i.SDIO_SendCommand) for SDIO_SendCommand
    stm32f4xx_ll_sdmmc.o(i.SDMMC_CmdSendSCR) refers to stm32f4xx_ll_sdmmc.o(i.SDMMC_GetCmdResp1) for SDMMC_GetCmdResp1
    stm32f4xx_ll_sdmmc.o(i.SDMMC_CmdSendStatus) refers to stm32f4xx_ll_sdmmc.o(i.SDIO_SendCommand) for SDIO_SendCommand
    stm32f4xx_ll_sdmmc.o(i.SDMMC_CmdSendStatus) refers to stm32f4xx_ll_sdmmc.o(i.SDMMC_GetCmdResp1) for SDMMC_GetCmdResp1
    stm32f4xx_ll_sdmmc.o(i.SDMMC_CmdSetRelAdd) refers to stm32f4xx_ll_sdmmc.o(i.SDIO_SendCommand) for SDIO_SendCommand
    stm32f4xx_ll_sdmmc.o(i.SDMMC_CmdSetRelAdd) refers to stm32f4xx_ll_sdmmc.o(i.SDMMC_GetCmdResp6) for SDMMC_GetCmdResp6
[...]
    fatfs.o(i.MX_FATFS_Init) refers to fatfs.o(.data) for .data
    fatfs.o(i.MX_FATFS_Init) refers to sd_diskio.o(.constdata) for SD_Driver
    bsp_driver_sd.o(i.BSP_SD_DMA_Rx_IRQHandler) refers to stm32f4xx_hal_dma.o(i.HAL_DMA_IRQHandler) for HAL_DMA_IRQHandler
    bsp_driver_sd.o(i.BSP_SD_DMA_Rx_IRQHandler) refers to main.o(.bss) for hsd
    bsp_driver_sd.o(i.BSP_SD_DMA_Tx_IRQHandler) refers to stm32f4xx_hal_dma.o(i.HAL_DMA_IRQHandler) for HAL_DMA_IRQHandler
    bsp_driver_sd.o(i.BSP_SD_DMA_Tx_IRQHandler) refers to main.o(.bss) for hsd
    bsp_driver_sd.o(i.BSP_SD_Erase) refers to stm32f4xx_hal_sd.o(i.HAL_SD_Erase) for HAL_SD_Erase
    bsp_driver_sd.o(i.BSP_SD_Erase) refers to main.o(.bss) for hsd
    bsp_driver_sd.o(i.BSP_SD_GetCardInfo) refers to stm32f4xx_hal_sd.o(i.HAL_SD_GetCardInfo) for HAL_SD_GetCardInfo
    bsp_driver_sd.o(i.BSP_SD_GetCardInfo) refers to main.o(.bss) for hsd
    bsp_driver_sd.o(i.BSP_SD_GetCardState) refers to stm32f4xx_hal_sd.o(i.HAL_SD_GetCardState) for HAL_SD_GetCardState
    bsp_driver_sd.o(i.BSP_SD_GetCardState) refers to main.o(.bss) for hsd
    bsp_driver_sd.o(i.BSP_SD_IRQHandler) refers to stm32f4xx_hal_sd.o(i.HAL_SD_IRQHandler) for HAL_SD_IRQHandler
    bsp_driver_sd.o(i.BSP_SD_IRQHandler) refers to main.o(.bss) for hsd
    bsp_driver_sd.o(i.BSP_SD_Init) refers to stm32f4xx_hal_sd.o(i.HAL_SD_Init) for HAL_SD_Init
    bsp_driver_sd.o(i.BSP_SD_Init) refers to stm32f4xx_hal_sd.o(i.HAL_SD_ConfigWideBusOperation) for HAL_SD_ConfigWideBusOperation
    bsp_driver_sd.o(i.BSP_SD_Init) refers to main.o(.bss) for hsd
    bsp_driver_sd.o(i.BSP_SD_ReadBlocks) refers to stm32f4xx_hal_sd.o(i.HAL_SD_ReadBlocks) for HAL_SD_ReadBlocks
    bsp_driver_sd.o(i.BSP_SD_ReadBlocks) refers to main.o(.bss) for hsd
    bsp_driver_sd.o(i.BSP_SD_ReadBlocks_DMA) refers to stm32f4xx_hal_sd.o(i.HAL_SD_ReadBlocks_DMA) for HAL_SD_ReadBlocks_DMA
    bsp_driver_sd.o(i.BSP_SD_ReadBlocks_DMA) refers to main.o(.bss) for hsd
    bsp_driver_sd.o(i.BSP_SD_WriteBlocks) refers to stm32f4xx_hal_sd.o(i.HAL_SD_WriteBlocks) for HAL_SD_WriteBlocks
    bsp_driver_sd.o(i.BSP_SD_WriteBlocks) refers to main.o(.bss) for hsd
    bsp_driver_sd.o(i.BSP_SD_WriteBlocks_DMA) refers to stm32f4xx_hal_sd.o(i.HAL_SD_WriteBlocks_DMA) for HAL_SD_WriteBlocks_DMA
    bsp_driver_sd.o(i.BSP_SD_WriteBlocks_DMA) refers to main.o(.bss) for hsd
    entry.o(.ARM.Collect$$$$00000000) refers (Special) to entry10a.o(.ARM.Collect$$$$0000000D) for __rt_final_cpp
    entry.o(.ARM.Collect$$$$00000000) refers (Special) to entry11a.o(.ARM.Collect$$$$0000000F) for __rt_final_exit
    entry.o(.ARM.Collect$$$$00000000) refers (Special) to entry7b.o(.ARM.Collect$$$$00000008) for _main_clock
    entry.o(.ARM.Collect$$$$00000000) refers (Special) to entry8b.o(.ARM.Collect$$$$0000000A) for _main_cpp_init
    entry.o(.ARM.Collect$$$$00000000) refers (Special) to entry9a.o(.ARM.Collect$$$$0000000B) for _main_init
    entry.o(.ARM.Collect$$$$00000000) refers (Special) to entry5.o(.ARM.Collect$$$$00000004) for _main_scatterload
    entry.o(.ARM.Collect$$$$00000000) refers (Special) to entry2.o(.ARM.Collect$$$$00000001) for _main_stk
    entry2.o(.ARM.Collect$$$$00000001) refers to entry2.o(.ARM.Collect$$$$00002712) for __lit__00000000
    entry2.o(.ARM.Collect$$$$00002712) refers to startup_stm32f429xx.o(STACK) for __initial_sp
    entry2.o(__vectab_stack_and_reset_area) refers to startup_stm32f429xx.o(STACK) for __initial_sp
    entry2.o(__vectab_stack_and_reset_area) refers to entry.o(.ARM.Collect$$$$00000000) for __main
    entry5.o(.ARM.Collect$$$$00000004) refers to init.o(.text) for __scatterload
    entry9a.o(.ARM.Collect$$$$0000000B) refers to main.o(i.main) for main
    entry9b.o(.ARM.Collect$$$$0000000C) refers to main.o(i.main) for main
    init.o(.text) refers to entry5.o(.ARM.Collect$$$$00000004) for __main_after_scatterload


==============================================================================

Removing Unused input sections from the image.

    Removing stm32f4xx_ll_sdmmc.o(.rev16_text), (4 bytes).
    Removing stm32f4xx_ll_sdmmc.o(.revsh_text), (4 bytes).
    Removing stm32f4xx_ll_sdmmc.o(.rrx_text), (6 bytes).
    Removing stm32f4xx_ll_sdmmc.o(i.SDIO_GetCommandResponse), (6 bytes).
    Removing stm32f4xx_ll_sdmmc.o(i.SDIO_GetDataCounter), (4 bytes).
    Removing stm32f4xx_ll_sdmmc.o(i.SDIO_GetFIFOCount), (6 bytes).
    Removing stm32f4xx_ll_sdmmc.o(i.SDIO_PowerState_OFF), (8 bytes).
    Removing stm32f4xx_ll_sdmmc.o(i.SDIO_SetSDMMCReadWaitMode), (14 bytes).
    Removing stm32f4xx_ll_sdmmc.o(i.SDMMC_CmdErase), (48 bytes).
    Removing stm32f4xx_ll_sdmmc.o(i.SDMMC_CmdEraseEndAdd), (50 bytes).
    Removing stm32f4xx_ll_sdmmc.o(i.SDMMC_CmdEraseStartAdd), (50 bytes).
    Removing stm32f4xx_ll_sdmmc.o(i.SDMMC_CmdOpCondition), (44 bytes).
    Removing stm32f4xx_ll_sdmmc.o(i.SDMMC_CmdSDEraseEndAdd), (50 bytes).
    Removing stm32f4xx_ll_sdmmc.o(i.SDMMC_CmdSDEraseStartAdd), (50 bytes).
    Removing stm32f4xx_ll_sdmmc.o(i.SDMMC_CmdStatusRegister), (48 bytes).
    Removing stm32f4xx_ll_sdmmc.o(i.SDMMC_CmdSwitch), (50 bytes).
    Removing stm32f4xx_hal_cortex.o(.rev16_text), (4 bytes).
    Removing stm32f4xx_hal_cortex.o(.revsh_text), (4 bytes).
    Removing stm32f4xx_hal_cortex.o(.rrx_text), (6 bytes).
    Removing stm32f4xx_hal_cortex.o(i.HAL_MPU_ConfigRegion), (84 bytes).
    Removing stm32f4xx_hal_cortex.o(i.HAL_MPU_Disable), (28 bytes).
    Removing stm32f4xx_hal_cortex.o(i.HAL_MPU_Enable), (36 bytes).
    Removing stm32f4xx_hal_cortex.o(i.HAL_NVIC_ClearPendingIRQ), (22 bytes).
    Removing stm32f4xx_hal_cortex.o(i.HAL_NVIC_DisableIRQ), (22 bytes).
    Removing stm32f4xx_hal_cortex.o(i.HAL_NVIC_EnableIRQ), (22 bytes).
    Removing stm32f4xx_hal_cortex.o(i.HAL_NVIC_GetActive), (32 bytes).
    Removing stm32f4xx_hal_cortex.o(i.HAL_NVIC_GetPendingIRQ), (32 bytes).
    Removing stm32f4xx_hal_cortex.o(i.HAL_NVIC_GetPriority), (82 bytes).
    Removing stm32f4xx_hal_cortex.o(i.HAL_NVIC_GetPriorityGrouping), (16 bytes).
    Removing stm32f4xx_hal_cortex.o(i.HAL_NVIC_SetPendingIRQ), (22 bytes).
    Removing stm32f4xx_hal_cortex.o(i.HAL_NVIC_SystemReset), (36 bytes).
    Removing stm32f4xx_hal_flash_ramfunc.o(.rev16_text), (4 bytes).
    Removing stm32f4xx_hal_flash_ramfunc.o(.revsh_text), (4 bytes).
    Removing stm32f4xx_hal_flash_ramfunc.o(.rrx_text), (6 bytes).
    Removing stm32f4xx_hal_flash.o(.rev16_text), (4 bytes).
    Removing stm32f4xx_hal_flash.o(.revsh_text), (4 bytes).
    Removing stm32f4xx_hal_flash.o(.rrx_text), (6 bytes).
    Removing stm32f4xx_hal_flash.o(i.FLASH_Program_Byte), (32 bytes).
    Removing stm32f4xx_hal_flash.o(i.FLASH_Program_DoubleWord), (40 bytes).
    Removing stm32f4xx_hal_flash.o(i.FLASH_Program_HalfWord), (36 bytes).
    Removing stm32f4xx_hal_flash.o(i.FLASH_Program_Word), (36 bytes).
    Removing stm32f4xx_hal_flash.o(i.FLASH_SetErrorCode), (124 bytes).
    Removing stm32f4xx_hal_flash.o(i.FLASH_WaitForLastOperation), (80 bytes).
    Removing stm32f4xx_hal_flash.o(i.HAL_FLASH_EndOfOperationCallback), (2 bytes).
    Removing stm32f4xx_hal_flash.o(i.HAL_FLASH_GetError), (12 bytes).
    Removing stm32f4xx_hal_flash.o(i.HAL_FLASH_IRQHandler), (204 bytes).
    Removing stm32f4xx_hal_flash.o(i.HAL_FLASH_Lock), (20 bytes).
    Removing stm32f4xx_hal_flash.o(i.HAL_FLASH_OB_Launch), (24 bytes).
    Removing stm32f4xx_hal_flash.o(i.HAL_FLASH_OB_Lock), (20 bytes).
    Removing stm32f4xx_hal_flash.o(i.HAL_FLASH_OB_Unlock), (40 bytes).
    Removing stm32f4xx_hal_flash.o(i.HAL_FLASH_OperationErrorCallback), (2 bytes).
    Removing stm32f4xx_hal_flash.o(i.HAL_FLASH_Program), (124 bytes).
    Removing stm32f4xx_hal_flash.o(i.HAL_FLASH_Program_IT), (108 bytes).
    Removing stm32f4xx_hal_flash.o(i.HAL_FLASH_Unlock), (40 bytes).
    Removing stm32f4xx_hal_flash.o(.bss), (32 bytes).
    Removing stm32f4xx_hal_gpio.o(.rev16_text), (4 bytes).
    Removing stm32f4xx_hal_gpio.o(.revsh_text), (4 bytes).
    Removing stm32f4xx_hal_gpio.o(.rrx_text), (6 bytes).
    Removing stm32f4xx_hal_gpio.o(i.HAL_GPIO_DeInit), (368 bytes).
    Removing stm32f4xx_hal_gpio.o(i.HAL_GPIO_EXTI_Callback), (2 bytes).
    Removing stm32f4xx_hal_gpio.o(i.HAL_GPIO_EXTI_IRQHandler), (24 bytes).
    Removing stm32f4xx_hal_gpio.o(i.HAL_GPIO_LockPin), (34 bytes).
    Removing stm32f4xx_hal_gpio.o(i.HAL_GPIO_ReadPin), (10 bytes).
    Removing stm32f4xx_hal_gpio.o(i.HAL_GPIO_TogglePin), (8 bytes).
    Removing stm32f4xx_hal_pwr_ex.o(.rev16_text), (4 bytes).
    Removing stm32f4xx_hal_pwr_ex.o(.revsh_text), (4 bytes).
    Removing stm32f4xx_hal_pwr_ex.o(.rrx_text), (6 bytes).
    Removing stm32f4xx_hal_pwr_ex.o(i.HAL_PWREx_ControlVoltageScaling), (176 bytes).
    Removing stm32f4xx_hal_pwr_ex.o(i.HAL_PWREx_DisableBkUpReg), (76 bytes).
    Removing stm32f4xx_hal_pwr_ex.o(i.HAL_PWREx_DisableFlashPowerDown), (28 bytes).
    Removing stm32f4xx_hal_pwr_ex.o(i.HAL_PWREx_DisableOverDrive), (140 bytes).
    Removing stm32f4xx_hal_pwr_ex.o(i.HAL_PWREx_EnableBkUpReg), (76 bytes).
    Removing stm32f4xx_hal_pwr_ex.o(i.HAL_PWREx_EnableFlashPowerDown), (24 bytes).
    Removing stm32f4xx_hal_pwr_ex.o(i.HAL_PWREx_EnableOverDrive), (140 bytes).
    Removing stm32f4xx_hal_pwr_ex.o(i.HAL_PWREx_EnterUnderDriveSTOPMode), (96 bytes).
    Removing stm32f4xx_hal_pwr_ex.o(i.HAL_PWREx_GetVoltageRange), (16 bytes).
    Removing stm32f4xx_hal.o(.rev16_text), (4 bytes).
    Removing stm32f4xx_hal.o(.revsh_text), (4 bytes).
    Removing stm32f4xx_hal.o(.rrx_text), (6 bytes).
    Removing stm32f4xx_hal.o(i.HAL_DBGMCU_DisableDBGSleepMode), (16 bytes).
    Removing stm32f4xx_hal.o(i.HAL_DBGMCU_DisableDBGStandbyMode), (16 bytes).
    Removing stm32f4xx_hal.o(i.HAL_DBGMCU_DisableDBGStopMode), (16 bytes).
    Removing stm32f4xx_hal.o(i.HAL_DBGMCU_EnableDBGSleepMode), (16 bytes).
    Removing stm32f4xx_hal.o(i.HAL_DBGMCU_EnableDBGStandbyMode), (16 bytes).
    Removing stm32f4xx_hal.o(i.HAL_DBGMCU_EnableDBGStopMode), (16 bytes).
    Removing stm32f4xx_hal.o(i.HAL_DeInit), (52 bytes).
    Removing stm32f4xx_hal.o(i.HAL_DisableCompensationCell), (28 bytes).
    Removing stm32f4xx_hal.o(i.HAL_DisableMemorySwappingBank), (28 bytes).
    Removing stm32f4xx_hal.o(i.HAL_EnableCompensationCell), (28 bytes).
    Removing stm32f4xx_hal.o(i.HAL_EnableMemorySwappingBank), (24 bytes).
    Removing stm32f4xx_hal.o(i.HAL_GetDEVID), (16 bytes).
    Removing stm32f4xx_hal.o(i.HAL_GetHalVersion), (8 bytes).
    Removing stm32f4xx_hal.o(i.HAL_GetREVID), (12 bytes).
    Removing stm32f4xx_hal.o(i.HAL_GetUID), (28 bytes).
    Removing stm32f4xx_hal.o(i.HAL_MspDeInit), (2 bytes).
    Removing stm32f4xx_hal.o(i.HAL_MspInit), (2 bytes).
    Removing stm32f4xx_hal.o(i.HAL_ResumeTick), (14 bytes).
    Removing stm32f4xx_hal.o(i.HAL_SuspendTick), (14 bytes).
    Removing stm32f4xx_hal_tim.o(.rev16_text), (4 bytes).
    Removing stm32f4xx_hal_tim.o(.revsh_text), (4 bytes).
    Removing stm32f4xx_hal_tim.o(.rrx_text), (6 bytes).
    Removing stm32f4xx_hal_flash_ex.o(.rev16_text), (4 bytes).
    Removing stm32f4xx_hal_flash_ex.o(.revsh_text), (4 bytes).
    Removing stm32f4xx_hal_flash_ex.o(.rrx_text), (6 bytes).
    Removing stm32f4xx_hal_flash_ex.o(i.FLASH_Erase_Sector), (96 bytes).
    Removing stm32f4xx_hal_flash_ex.o(i.FLASH_FlushCaches), (84 bytes).
    Removing stm32f4xx_hal_flash_ex.o(i.FLASH_MassErase), (64 bytes).
    Removing stm32f4xx_hal_flash_ex.o(i.FLASH_OB_DisableWRP), (112 bytes).
    Removing stm32f4xx_hal_flash_ex.o(i.FLASH_OB_EnableWRP), (116 bytes).
    Removing stm32f4xx_hal_flash_ex.o(i.HAL_FLASHEx_AdvOBGetConfig), (28 bytes).
    Removing stm32f4xx_hal_flash_ex.o(i.HAL_FLASHEx_AdvOBProgram), (188 bytes).
    Removing stm32f4xx_hal_flash_ex.o(i.HAL_FLASHEx_Erase), (156 bytes).
    Removing stm32f4xx_hal_flash_ex.o(i.HAL_FLASHEx_Erase_IT), (104 bytes).
    Removing stm32f4xx_hal_flash_ex.o(i.HAL_FLASHEx_OBGetConfig), (64 bytes).
    Removing stm32f4xx_hal_flash_ex.o(i.HAL_FLASHEx_OBProgram), (184 bytes).
    Removing stm32f4xx_hal_flash_ex.o(i.HAL_FLASHEx_OB_DeSelectPCROP), (20 bytes).
    Removing stm32f4xx_hal_flash_ex.o(i.HAL_FLASHEx_OB_GetBank2WRP), (12 bytes).
    Removing stm32f4xx_hal_flash_ex.o(i.HAL_FLASHEx_OB_SelectPCROP), (24 bytes).
    Removing stm32f4xx_hal_sd.o(.rev16_text), (4 bytes).
    Removing stm32f4xx_hal_sd.o(.revsh_text), (4 bytes).
    Removing stm32f4xx_hal_sd.o(.rrx_text), (6 bytes).
    Removing stm32f4xx_hal_sd.o(i.HAL_SD_Abort), (94 bytes).
    Removing stm32f4xx_hal_sd.o(i.HAL_SD_AbortCallback), (2 bytes).
    Removing stm32f4xx_hal_sd.o(i.HAL_SD_Abort_IT), (140 bytes).
    Removing stm32f4xx_hal_sd.o(i.HAL_SD_DeInit), (38 bytes).
    Removing stm32f4xx_hal_sd.o(i.HAL_SD_Erase), (184 bytes).
    Removing stm32f4xx_hal_sd.o(i.HAL_SD_ErrorCallback), (2 bytes).
    Removing stm32f4xx_hal_sd.o(i.HAL_SD_GetCardCID), (178 bytes).
    Removing stm32f4xx_hal_sd.o(i.HAL_SD_GetCardStatus), (182 bytes).
    Removing stm32f4xx_hal_sd.o(i.HAL_SD_GetError), (4 bytes).
    Removing stm32f4xx_hal_sd.o(i.HAL_SD_GetState), (6 bytes).
    Removing stm32f4xx_hal_sd.o(i.HAL_SD_IRQHandler), (448 bytes).
    Removing stm32f4xx_hal_sd.o(i.HAL_SD_MspDeInit), (2 bytes).
    Removing stm32f4xx_hal_sd.o(i.HAL_SD_MspInit), (2 bytes).
    Removing stm32f4xx_hal_sd.o(i.HAL_SD_ReadBlocks_DMA), (244 bytes).
    Removing stm32f4xx_hal_sd.o(i.HAL_SD_ReadBlocks_IT), (194 bytes).
    Removing stm32f4xx_hal_sd.o(i.HAL_SD_RxCpltCallback), (2 bytes).
    Removing stm32f4xx_hal_sd.o(i.HAL_SD_TxCpltCallback), (2 bytes).
    Removing stm32f4xx_hal_sd.o(i.HAL_SD_WriteBlocks_DMA), (244 bytes).
    Removing stm32f4xx_hal_sd.o(i.HAL_SD_WriteBlocks_IT), (200 bytes).
    Removing stm32f4xx_hal_sd.o(i.SD_DMAError), (86 bytes).
    Removing stm32f4xx_hal_sd.o(i.SD_DMAReceiveCplt), (62 bytes).
    Removing stm32f4xx_hal_sd.o(i.SD_DMARxAbort), (72 bytes).
    Removing stm32f4xx_hal_sd.o(i.SD_DMATransmitCplt), (14 bytes).
    Removing stm32f4xx_hal_sd.o(i.SD_DMATxAbort), (72 bytes).
    Removing stm32f4xx_hal_sd.o(i.SD_SendSDStatus), (236 bytes).
    Removing stm32f4xx_hal_dma.o(.rev16_text), (4 bytes).
    Removing stm32f4xx_hal_dma.o(.revsh_text), (4 bytes).
    Removing stm32f4xx_hal_dma.o(.rrx_text), (6 bytes).
    Removing stm32f4xx_hal_dma.o(i.DMA_CalcBaseAndBitshift), (40 bytes).
    Removing stm32f4xx_hal_dma.o(i.DMA_CheckFifoParam), (84 bytes).
    Removing stm32f4xx_hal_dma.o(i.DMA_SetConfig), (40 bytes).
    Removing stm32f4xx_hal_dma.o(i.HAL_DMA_Abort), (142 bytes).
    Removing stm32f4xx_hal_dma.o(i.HAL_DMA_Abort_IT), (36 bytes).
    Removing stm32f4xx_hal_dma.o(i.HAL_DMA_DeInit), (86 bytes).
    Removing stm32f4xx_hal_dma.o(i.HAL_DMA_GetError), (4 bytes).
    Removing stm32f4xx_hal_dma.o(i.HAL_DMA_GetState), (6 bytes).
    Removing stm32f4xx_hal_dma.o(i.HAL_DMA_IRQHandler), (424 bytes).
    Removing stm32f4xx_hal_dma.o(i.HAL_DMA_Init), (212 bytes).
    Removing stm32f4xx_hal_dma.o(i.HAL_DMA_PollForTransfer), (300 bytes).
    Removing stm32f4xx_hal_dma.o(i.HAL_DMA_RegisterCallback), (80 bytes).
    Removing stm32f4xx_hal_dma.o(i.HAL_DMA_Start), (70 bytes).
    Removing stm32f4xx_hal_dma.o(i.HAL_DMA_Start_IT), (120 bytes).
    Removing stm32f4xx_hal_dma.o(i.HAL_DMA_UnRegisterCallback), (96 bytes).
    Removing stm32f4xx_hal_dma.o(.constdata), (8 bytes).
    Removing stm32f4xx_hal_tim_ex.o(.rev16_text), (4 bytes).
    Removing stm32f4xx_hal_tim_ex.o(.revsh_text), (4 bytes).
    Removing stm32f4xx_hal_tim_ex.o(.rrx_text), (6 bytes).
    Removing stm32f4xx_hal_dma_ex.o(.rev16_text), (4 bytes).
    Removing stm32f4xx_hal_dma_ex.o(.revsh_text), (4 bytes).
    Removing stm32f4xx_hal_dma_ex.o(.rrx_text), (6 bytes).
    Removing stm32f4xx_hal_dma_ex.o(i.DMA_MultiBufferSetConfig), (30 bytes).
    Removing stm32f4xx_hal_dma_ex.o(i.HAL_DMAEx_ChangeMemory), (14 bytes).
    Removing stm32f4xx_hal_dma_ex.o(i.HAL_DMAEx_MultiBufferStart), (100 bytes).
    Removing stm32f4xx_hal_dma_ex.o(i.HAL_DMAEx_MultiBufferStart_IT), (2452 bytes).
    Removing stm32f4xx_hal_pwr.o(.rev16_text), (4 bytes).
    Removing stm32f4xx_hal_pwr.o(.revsh_text), (4 bytes).
    Removing stm32f4xx_hal_pwr.o(.rrx_text), (6 bytes).
    Removing stm32f4xx_hal_pwr.o(i.HAL_PWR_ConfigPVD), (124 bytes).
    Removing stm32f4xx_hal_pwr.o(i.HAL_PWR_DeInit), (24 bytes).
    Removing stm32f4xx_hal_pwr.o(i.HAL_PWR_DisableBkUpAccess), (28 bytes).
    Removing stm32f4xx_hal_pwr.o(i.HAL_PWR_DisablePVD), (24 bytes).
    Removing stm32f4xx_hal_pwr.o(i.HAL_PWR_DisableSEVOnPend), (16 bytes).
    Removing stm32f4xx_hal_pwr.o(i.HAL_PWR_DisableSleepOnExit), (16 bytes).
    Removing stm32f4xx_hal_pwr.o(i.HAL_PWR_DisableWakeUpPin), (16 bytes).
    Removing stm32f4xx_hal_pwr.o(i.HAL_PWR_EnableBkUpAccess), (24 bytes).
    Removing stm32f4xx_hal_pwr.o(i.HAL_PWR_EnablePVD), (24 bytes).
    Removing stm32f4xx_hal_pwr.o(i.HAL_PWR_EnableSEVOnPend), (16 bytes).
    Removing stm32f4xx_hal_pwr.o(i.HAL_PWR_EnableSleepOnExit), (16 bytes).
    Removing stm32f4xx_hal_pwr.o(i.HAL_PWR_EnableWakeUpPin), (16 bytes).
    Removing stm32f4xx_hal_pwr.o(i.HAL_PWR_EnterSLEEPMode), (32 bytes).
    Removing stm32f4xx_hal_pwr.o(i.HAL_PWR_EnterSTANDBYMode), (32 bytes).
    Removing stm32f4xx_hal_pwr.o(i.HAL_PWR_EnterSTOPMode), (56 bytes).
    Removing stm32f4xx_hal_pwr.o(i.HAL_PWR_PVDCallback), (2 bytes).
    Removing stm32f4xx_hal_pwr.o(i.HAL_PWR_PVD_IRQHandler), (28 bytes).
    Removing stm32f4xx_hal_rcc.o(.rev16_text), (4 bytes).
    Removing stm32f4xx_hal_rcc.o(.revsh_text), (4 bytes).
    Removing stm32f4xx_hal_rcc.o(.rrx_text), (6 bytes).
    Removing stm32f4xx_hal_rcc.o(i.HAL_RCC_CSSCallback), (2 bytes).
    Removing stm32f4xx_hal_rcc.o(i.HAL_RCC_DeInit), (2 bytes).
    Removing stm32f4xx_hal_rcc.o(i.HAL_RCC_DisableCSS), (12 bytes).
    Removing stm32f4xx_hal_rcc.o(i.HAL_RCC_EnableCSS), (12 bytes).
    Removing stm32f4xx_hal_rcc.o(i.HAL_RCC_GetClockConfig), (64 bytes).
    Removing stm32f4xx_hal_rcc.o(i.HAL_RCC_GetOscConfig), (232 bytes).
    Removing stm32f4xx_hal_rcc.o(i.HAL_RCC_GetPCLK1Freq), (48 bytes).
    Removing stm32f4xx_hal_rcc.o(i.HAL_RCC_GetPCLK2Freq), (48 bytes).
    Removing stm32f4xx_hal_rcc.o(i.HAL_RCC_MCOConfig), (140 bytes).
    Removing stm32f4xx_hal_rcc.o(i.HAL_RCC_NMI_IRQHandler), (28 bytes).
    Removing stm32f4xx_hal_rcc_ex.o(.rev16_text), (4 bytes).
    Removing stm32f4xx_hal_rcc_ex.o(.revsh_text), (4 bytes).
    Removing stm32f4xx_hal_rcc_ex.o(.rrx_text), (6 bytes).
    Removing stm32f4xx_hal_rcc_ex.o(i.HAL_RCCEx_GetPeriphCLKConfig), (228 bytes).
    Removing stm32f4xx_hal_rcc_ex.o(i.HAL_RCCEx_GetPeriphCLKFreq), (92 bytes).
    Removing stm32f4xx_hal_rcc_ex.o(i.HAL_RCCEx_PeriphCLKConfig), (696 bytes).
    Removing stm32f4xx_hal_rcc_ex.o(i.HAL_RCC_DeInit), (108 bytes).
    Removing startup_stm32f429xx.o(HEAP), (8192 bytes).
    Removing sd_diskio.o(.rev16_text), (4 bytes).
    Removing sd_diskio.o(.revsh_text), (4 bytes).
    Removing sd_diskio.o(.rrx_text), (6 bytes).
    Removing diskio.o(.rev16_text), (4 bytes).
    Removing diskio.o(.revsh_text), (4 bytes).
    Removing diskio.o(.rrx_text), (6 bytes).
    Removing diskio.o(i.get_fattime), (4 bytes).
    Removing syscall.o(.rev16_text), (4 bytes).
    Removing syscall.o(.revsh_text), (4 bytes).
    Removing syscall.o(.rrx_text), (6 bytes).
    Removing ff.o(.rev16_text), (4 bytes).
    Removing ff.o(.revsh_text), (4 bytes).
    Removing ff.o(.rrx_text), (6 bytes).
    Removing ff.o(i.dir_read), (96 bytes).
    Removing ff.o(i.dir_remove), (58 bytes).
    Removing ff.o(i.f_chmod), (108 bytes).
    Removing ff.o(i.f_closedir), (36 bytes).
    Removing ff.o(i.f_getfree), (194 bytes).
    Removing ff.o(i.f_gets), (72 bytes).
    Removing ff.o(i.f_lseek), (614 bytes).
    Removing ff.o(i.f_mkdir), (440 bytes).
    Removing ff.o(i.f_mkfs), (1408 bytes).
    Removing ff.o(i.f_opendir), (136 bytes).
    Removing ff.o(i.f_printf), (490 bytes).
    Removing ff.o(i.f_putc), (60 bytes).
    Removing ff.o(i.f_puts), (70 bytes).
    Removing ff.o(i.f_read), (398 bytes).
    Removing ff.o(i.f_readdir), (82 bytes).
    Removing ff.o(i.f_rename), (366 bytes).
    Removing ff.o(i.f_stat), (82 bytes).
    Removing ff.o(i.f_truncate), (190 bytes).
    Removing ff.o(i.f_unlink), (206 bytes).
    Removing ff.o(i.f_utime), (112 bytes).
    Removing ff.o(i.get_fileinfo), (80 bytes).
    Removing ff.o(i.putc_bfd), (70 bytes).
    Removing ff_gen_drv.o(.rev16_text), (4 bytes).
    Removing ff_gen_drv.o(.revsh_text), (4 bytes).
    Removing ff_gen_drv.o(.rrx_text), (6 bytes).
    Removing ff_gen_drv.o(i.FATFS_GetAttachedDriversNbr), (12 bytes).
    Removing ff_gen_drv.o(i.FATFS_UnLinkDriver), (6 bytes).
    Removing ff_gen_drv.o(i.FATFS_UnLinkDriverEx), (52 bytes).
    Removing system_stm32f4xx.o(.rev16_text), (4 bytes).
    Removing system_stm32f4xx.o(.revsh_text), (4 bytes).
    Removing system_stm32f4xx.o(.rrx_text), (6 bytes).
    Removing system_stm32f4xx.o(i.SystemCoreClockUpdate), (120 bytes).
    Removing system_stm32f4xx.o(.constdata), (8 bytes).
    Removing stm32f4xx_it.o(.rev16_text), (4 bytes).
    Removing stm32f4xx_it.o(.revsh_text), (4 bytes).
    Removing stm32f4xx_it.o(.rrx_text), (6 bytes).
    Removing main.o(.rev16_text), (4 bytes).
    Removing main.o(.revsh_text), (4 bytes).
    Removing main.o(.rrx_text), (6 bytes).
    Removing main.o(i._Error_Handler), (2 bytes).
    Removing stm32f4xx_hal_msp.o(.rev16_text), (4 bytes).
    Removing stm32f4xx_hal_msp.o(.revsh_text), (4 bytes).
    Removing stm32f4xx_hal_msp.o(.rrx_text), (6 bytes).
    Removing stm32f4xx_hal_msp.o(i.HAL_SD_MspDeInit), (60 bytes).
    Removing fatfs.o(.rev16_text), (4 bytes).
    Removing fatfs.o(.revsh_text), (4 bytes).
    Removing fatfs.o(.rrx_text), (6 bytes).
    Removing bsp_driver_sd.o(.rev16_text), (4 bytes).
    Removing bsp_driver_sd.o(.revsh_text), (4 bytes).
    Removing bsp_driver_sd.o(.rrx_text), (6 bytes).
    Removing bsp_driver_sd.o(i.BSP_SD_DMA_Rx_IRQHandler), (12 bytes).
    Removing bsp_driver_sd.o(i.BSP_SD_DMA_Tx_IRQHandler), (12 bytes).
    Removing bsp_driver_sd.o(i.BSP_SD_DetectCallback), (2 bytes).
    Removing bsp_driver_sd.o(i.BSP_SD_DetectIT), (2 bytes).
    Removing bsp_driver_sd.o(i.BSP_SD_Erase), (28 bytes).
    Removing bsp_driver_sd.o(i.BSP_SD_IRQHandler), (12 bytes).
    Removing bsp_driver_sd.o(i.BSP_SD_ITConfig), (4 bytes).
    Removing bsp_driver_sd.o(i.BSP_SD_IsDetected), (14 bytes).
    Removing bsp_driver_sd.o(i.BSP_SD_ReadBlocks_DMA), (28 bytes).
    Removing bsp_driver_sd.o(i.BSP_SD_WriteBlocks_DMA), (28 bytes).

289 unused section(s) (total 28264 bytes) removed from the image.

==============================================================================

Image Symbol Table

    Local Symbols

    Symbol Name                              Value     Ov Type        Size  Object(Section)

    ../Drivers/STM32F4xx_HAL_Driver/Src/stm32f4xx_hal.c 0x00000000   Number         0  stm32f4xx_hal.o ABSOLUTE
    ../Drivers/STM32F4xx_HAL_Driver/Src/stm32f4xx_hal_cortex.c 0x00000000   Number         0  stm32f4xx_hal_cortex.o ABSOLUTE
    ../Drivers/STM32F4xx_HAL_Driver/Src/stm32f4xx_hal_dma.c 0x00000000   Number         0  stm32f4xx_hal_dma.o ABSOLUTE
    ../Drivers/STM32F4xx_HAL_Driver/Src/stm32f4xx_hal_dma_ex.c 0x00000000   Number         0  stm32f4xx_hal_dma_ex.o ABSOLUTE
    ../Drivers/STM32F4xx_HAL_Driver/Src/stm32f4xx_hal_flash.c 0x00000000   Number         0  stm32f4xx_hal_flash.o ABSOLUTE
    ../Drivers/STM32F4xx_HAL_Driver/Src/stm32f4xx_hal_flash_ex.c 0x00000000   Number         0  stm32f4xx_hal_flash_ex.o ABSOLUTE
    ../Drivers/STM32F4xx_HAL_Driver/Src/stm32f4xx_hal_flash_ramfunc.c 0x00000000   Number         0  stm32f4xx_hal_flash_ramfunc.o ABSOLUTE
    ../Drivers/STM32F4xx_HAL_Driver/Src/stm32f4xx_hal_gpio.c 0x00000000   Number         0  stm32f4xx_hal_gpio.o ABSOLUTE
    ../Drivers/STM32F4xx_HAL_Driver/Src/stm32f4xx_hal_pwr.c 0x00000000   Number         0  stm32f4xx_hal_pwr.o ABSOLUTE
    ../Drivers/STM32F4xx_HAL_Driver/Src/stm32f4xx_hal_pwr_ex.c 0x00000000   Number         0  stm32f4xx_hal_pwr_ex.o ABSOLUTE
    ../Drivers/STM32F4xx_HAL_Driver/Src/stm32f4xx_hal_rcc.c 0x00000000   Number         0  stm32f4xx_hal_rcc.o ABSOLUTE
    ../Drivers/STM32F4xx_HAL_Driver/Src/stm32f4xx_hal_rcc_ex.c 0x00000000   Number         0  stm32f4xx_hal_rcc_ex.o ABSOLUTE
    ../Drivers/STM32F4xx_HAL_Driver/Src/stm32f4xx_hal_sd.c 0x00000000   Number         0  stm32f4xx_hal_sd.o ABSOLUTE
    ../Drivers/STM32F4xx_HAL_Driver/Src/stm32f4xx_hal_tim.c 0x00000000   Number         0  stm32f4xx_hal_tim.o ABSOLUTE
    ../Drivers/STM32F4xx_HAL_Driver/Src/stm32f4xx_hal_tim_ex.c 0x00000000   Number         0  stm32f4xx_hal_tim_ex.o ABSOLUTE
    ../Drivers/STM32F4xx_HAL_Driver/Src/stm32f4xx_ll_sdmmc.c 0x00000000   Number         0  stm32f4xx_ll_sdmmc.o ABSOLUTE
    ../Middlewares/Third_Party/FatFs/src/diskio.c 0x00000000   Number         0  diskio.o ABSOLUTE
    ../Middlewares/Third_Party/FatFs/src/drivers/sd_diskio.c 0x00000000   Number         0  sd_diskio.o ABSOLUTE
    ../Middlewares/Third_Party/FatFs/src/ff.c 0x00000000   Number         0  ff.o ABSOLUTE
    ../Middlewares/Third_Party/FatFs/src/ff_gen_drv.c 0x00000000   Number         0  ff_gen_drv.o ABSOLUTE
    ../Middlewares/Third_Party/FatFs/src/option/syscall.c 0x00000000   Number         0  syscall.o ABSOLUTE
    ../Src/bsp_driver_sd.c                   0x00000000   Number         0  bsp_driver_sd.o ABSOLUTE
    ../Src/fatfs.c                           0x00000000   Number         0  fatfs.o ABSOLUTE
    ../Src/main.c                            0x00000000   Number         0  main.o ABSOLUTE
    ../Src/stm32f4xx_hal_msp.c               0x00000000   Number         0  stm32f4xx_hal_msp.o ABSOLUTE
    ../Src/stm32f4xx_it.c                    0x00000000   Number         0  stm32f4xx_it.o ABSOLUTE
    ../Src/system_stm32f4xx.c                0x00000000   Number         0  system_stm32f4xx.o ABSOLUTE
    ../clib/microlib/init/entry.s            0x00000000   Number         0  entry5.o ABSOLUTE
    ../clib/microlib/init/entry.s            0x00000000   Number         0  entry7a.o ABSOLUTE
    ../clib/microlib/init/entry.s            0x00000000   Number         0  entry7b.o ABSOLUTE
    ../clib/microlib/init/entry.s            0x00000000   Number         0  entry2.o ABSOLUTE
    ../clib/microlib/init/entry.s            0x00000000   Number         0  entry11b.o ABSOLUTE
    ../clib/microlib/init/entry.s            0x00000000   Number         0  entry8a.o ABSOLUTE
    ../clib/microlib/init/entry.s            0x00000000   Number         0  entry11a.o ABSOLUTE
    ../clib/microlib/init/entry.s            0x00000000   Number         0  entry8b.o ABSOLUTE
    ../clib/microlib/init/entry.s            0x00000000   Number         0  entry9a.o ABSOLUTE
    ../clib/microlib/init/entry.s            0x00000000   Number         0  entry9b.o ABSOLUTE
    ../clib/microlib/init/entry.s            0x00000000   Number         0  entry10b.o ABSOLUTE
    ../clib/microlib/init/entry.s            0x00000000   Number         0  entry10a.o ABSOLUTE
    ../clib/microlib/init/entry.s            0x00000000   Number         0  entry.o ABSOLUTE
    ..\Drivers\STM32F4xx_HAL_Driver\Src\stm32f4xx_hal.c 0x00000000   Number         0  stm32f4xx_hal.o ABSOLUTE
    ..\Drivers\STM32F4xx_HAL_Driver\Src\stm32f4xx_hal_cortex.c 0x00000000   Number         0  stm32f4xx_hal_cortex.o ABSOLUTE
    ..\Drivers\STM32F4xx_HAL_Driver\Src\stm32f4xx_hal_dma.c 0x00000000   Number         0  stm32f4xx_hal_dma.o ABSOLUTE
    ..\Drivers\STM32F4xx_HAL_Driver\Src\stm32f4xx_hal_dma_ex.c 0x00000000   Number         0  stm32f4xx_hal_dma_ex.o ABSOLUTE
    ..\Drivers\STM32F4xx_HAL_Driver\Src\stm32f4xx_hal_flash.c 0x00000000   Number         0  stm32f4xx_hal_flash.o ABSOLUTE
    ..\Drivers\STM32F4xx_HAL_Driver\Src\stm32f4xx_hal_flash_ex.c 0x00000000   Number         0  stm32f4xx_hal_flash_ex.o ABSOLUTE
    ..\Drivers\STM32F4xx_HAL_Driver\Src\stm32f4xx_hal_flash_ramfunc.c 0x00000000   Number         0  stm32f4xx_hal_flash_ramfunc.o ABSOLUTE
    ..\Drivers\STM32F4xx_HAL_Driver\Src\stm32f4xx_hal_gpio.c 0x00000000   Number         0  stm32f4xx_hal_gpio.o ABSOLUTE
    ..\Drivers\STM32F4xx_HAL_Driver\Src\stm32f4xx_hal_pwr.c 0x00000000   Number         0  stm32f4xx_hal_pwr.o ABSOLUTE
    ..\Drivers\STM32F4xx_HAL_Driver\Src\stm32f4xx_hal_pwr_ex.c 0x00000000   Number         0  stm32f4xx_hal_pwr_ex.o ABSOLUTE
    ..\Drivers\STM32F4xx_HAL_Driver\Src\stm32f4xx_hal_rcc.c 0x00000000   Number         0  stm32f4xx_hal_rcc.o ABSOLUTE
    ..\Drivers\STM32F4xx_HAL_Driver\Src\stm32f4xx_hal_rcc_ex.c 0x00000000   Number         0  stm32f4xx_hal_rcc_ex.o ABSOLUTE
    ..\Drivers\STM32F4xx_HAL_Driver\Src\stm32f4xx_hal_sd.c 0x00000000   Number         0  stm32f4xx_hal_sd.o ABSOLUTE
    ..\Drivers\STM32F4xx_HAL_Driver\Src\stm32f4xx_hal_tim.c 0x00000000   Number         0  stm32f4xx_hal_tim.o ABSOLUTE
    ..\Drivers\STM32F4xx_HAL_Driver\Src\stm32f4xx_hal_tim_ex.c 0x00000000   Number         0  stm32f4xx_hal_tim_ex.o ABSOLUTE
    ..\Drivers\STM32F4xx_HAL_Driver\Src\stm32f4xx_ll_sdmmc.c 0x00000000   Number         0  stm32f4xx_ll_sdmmc.o ABSOLUTE
    ..\Middlewares\Third_Party\FatFs\src\diskio.c 0x00000000   Number         0  diskio.o ABSOLUTE
    ..\Middlewares\Third_Party\FatFs\src\drivers\sd_diskio.c 0x00000000   Number         0  sd_diskio.o ABSOLUTE
    ..\Middlewares\Third_Party\FatFs\src\ff.c 0x00000000   Number         0  ff.o ABSOLUTE
    ..\Middlewares\Third_Party\FatFs\src\ff_gen_drv.c 0x00000000   Number         0  ff_gen_drv.o ABSOLUTE
    ..\Middlewares\Third_Party\FatFs\src\option\syscall.c 0x00000000   Number         0  syscall.o ABSOLUTE
    ..\Src\bsp_driver_sd.c                   0x00000000   Number         0  bsp_driver_sd.o ABSOLUTE
    ..\Src\fatfs.c                           0x00000000   Number         0  fatfs.o ABSOLUTE
    ..\Src\main.c                            0x00000000   Number         0  main.o ABSOLUTE
    ..\Src\stm32f4xx_hal_msp.c               0x00000000   Number         0  stm32f4xx_hal_msp.o ABSOLUTE
    ..\Src\stm32f4xx_it.c                    0x00000000   Number         0  stm32f4xx_it.o ABSOLUTE
    ..\Src\system_stm32f4xx.c                0x00000000   Number         0  system_stm32f4xx.o ABSOLUTE
    dc.s                                     0x00000000   Number         0  dc.o ABSOLUTE
    handlers.s                               0x00000000   Number         0  handlers.o ABSOLUTE
    init.s                                   0x00000000   Number         0  init.o ABSOLUTE
    startup_stm32f429xx.s                    0x00000000   Number         0  startup_stm32f429xx.o ABSOLUTE
    RESET                                    0x08000000   Section      428  startup_stm32f429xx.o(RESET)
    .ARM.Collect$$$$00000000                 0x080001ac   Section        0  entry.o(.ARM.Collect$$$$00000000)
    .ARM.Collect$$$$00000001                 0x080001ac   Section        4  entry2.o(.ARM.Collect$$$$00000001)
    .ARM.Collect$$$$00000004                 0x080001b0   Section        4  entry5.o(.ARM.Collect$$$$00000004)
    .ARM.Collect$$$$00000008                 0x080001b4   Section        0  entry7b.o(.ARM.Collect$$$$00000008)
    .ARM.Collect$$$$0000000A                 0x080001b4   Section        0  entry8b.o(.ARM.Collect$$$$0000000A)
    .ARM.Collect$$$$0000000B                 0x080001b4   Section        8  entry9a.o(.ARM.Collect$$$$0000000B)
    .ARM.Collect$$$$0000000D                 0x080001bc   Section        0  entry10a.o(.ARM.Collect$$$$0000000D)
    .ARM.Collect$$$$0000000F                 0x080001bc   Section        0  entry11a.o(.ARM.Collect$$$$0000000F)
    .ARM.Collect$$$$00002712                 0x080001bc   Section        4  entry2.o(.ARM.Collect$$$$00002712)
    __lit__00000000                          0x080001bc   Data           4  entry2.o(.ARM.Collect$$$$00002712)
    .text                                    0x080001c0   Section       36  startup_stm32f429xx.o(.text)
    $v0                                      0x080001c0   Number         0  startup_stm32f429xx.o(.text)
    .text                                    0x080001e4   Section       36  init.o(.text)
    i.BSP_SD_GetCardInfo                     0x08000208   Section        0  bsp_driver_sd.o(i.BSP_SD_GetCardInfo)
    i.BSP_SD_GetCardState                    0x08000214   Section        0  bsp_driver_sd.o(i.BSP_SD_GetCardState)
    i.BSP_SD_Init                            0x0800022c   Section        0  bsp_driver_sd.o(i.BSP_SD_Init)
    i.BSP_SD_ReadBlocks                      0x08000260   Section        0  bsp_driver_sd.o(i.BSP_SD_ReadBlocks)
    i.BSP_SD_WriteBlocks                     0x08000280   Section        0  bsp_driver_sd.o(i.BSP_SD_WriteBlocks)
    i.FATFS_LinkDriver                       0x080002a0   Section        0  ff_gen_drv.o(i.FATFS_LinkDriver)
    i.FATFS_LinkDriverEx                     0x080002a8   Section        0  ff_gen_drv.o(i.FATFS_LinkDriverEx)
    i.HAL_Delay                              0x080002e8   Section        0  stm32f4xx_hal.o(i.HAL_Delay)
    i.HAL_GPIO_Init                          0x08000304   Section        0  stm32f4xx_hal_gpio.o(i.HAL_GPIO_Init)
    i.HAL_GPIO_WritePin                      0x080004d0   Section        0  stm32f4xx_hal_gpio.o(i.HAL_GPIO_WritePin)
    i.HAL_GetTick                            0x080004dc   Section        0  stm32f4xx_hal.o(i.HAL_GetTick)
    i.HAL_IncTick                            0x080004e8   Section        0  stm32f4xx_hal.o(i.HAL_IncTick)
    i.HAL_Init                               0x080004f8   Section        0  stm32f4xx_hal.o(i.HAL_Init)
    i.HAL_InitTick                           0x0800052c   Section        0  stm32f4xx_hal.o(i.HAL_InitTick)
    i.HAL_MspInit                            0x08000554   Section        0  stm32f4xx_hal_msp.o(i.HAL_MspInit)
    i.HAL_NVIC_SetPriority                   0x080005ac   Section        0  stm32f4xx_hal_cortex.o(i.HAL_NVIC_SetPriority)
    i.HAL_NVIC_SetPriorityGrouping           0x080005ec   Section        0  stm32f4xx_hal_cortex.o(i.HAL_NVIC_SetPriorityGrouping)
    i.HAL_RCC_ClockConfig                    0x08000610   Section        0  stm32f4xx_hal_rcc.o(i.HAL_RCC_ClockConfig)
    i.HAL_RCC_GetHCLKFreq                    0x0800078c   Section        0  stm32f4xx_hal_rcc.o(i.HAL_RCC_GetHCLKFreq)
    i.HAL_RCC_GetSysClockFreq                0x08000798   Section        0  stm32f4xx_hal_rcc.o(i.HAL_RCC_GetSysClockFreq)
    i.HAL_RCC_OscConfig                      0x08000808   Section        0  stm32f4xx_hal_rcc.o(i.HAL_RCC_OscConfig)
    i.HAL_SD_ConfigWideBusOperation          0x08000b1c   Section        0  stm32f4xx_hal_sd.o(i.HAL_SD_ConfigWideBusOperation)
    i.HAL_SD_GetCardCSD                      0x08000b94   Section        0  stm32f4xx_hal_sd.o(i.HAL_SD_GetCardCSD)
    i.HAL_SD_GetCardInfo                     0x08000d6e   Section        0  stm32f4xx_hal_sd.o(i.HAL_SD_GetCardInfo)
    i.HAL_SD_GetCardState                    0x08000d92   Section        0  stm32f4xx_hal_sd.o(i.HAL_SD_GetCardState)
    i.HAL_SD_Init                            0x08000dbe   Section        0  stm32f4xx_hal_sd.o(i.HAL_SD_Init)
    i.HAL_SD_InitCard                        0x08000df4   Section        0  stm32f4xx_hal_sd.o(i.HAL_SD_InitCard)
    i.HAL_SD_MspInit                         0x08000e48   Section        0  stm32f4xx_hal_msp.o(i.HAL_SD_MspInit)
    i.HAL_SD_ReadBlocks                      0x08000eac   Section        0  stm32f4xx_hal_sd.o(i.HAL_SD_ReadBlocks)
    i.HAL_SD_WriteBlocks                     0x08001060   Section        0  stm32f4xx_hal_sd.o(i.HAL_SD_WriteBlocks)
    i.HAL_SYSTICK_CLKSourceConfig            0x080011fa   Section        0  stm32f4xx_hal_cortex.o(i.HAL_SYSTICK_CLKSourceConfig)
    i.HAL_SYSTICK_Callback                   0x08001212   Section        0  stm32f4xx_hal_cortex.o(i.HAL_SYSTICK_Callback)
    i.HAL_SYSTICK_Config                     0x08001214   Section        0  stm32f4xx_hal_cortex.o(i.HAL_SYSTICK_Config)
    i.HAL_SYSTICK_IRQHandler                 0x0800123c   Section        0  stm32f4xx_hal_cortex.o(i.HAL_SYSTICK_IRQHandler)
    i.MX_FATFS_Init                          0x08001244   Section        0  fatfs.o(i.MX_FATFS_Init)
    i.MX_GPIO_Init                           0x08001260   Section        0  main.o(i.MX_GPIO_Init)
    MX_GPIO_Init                             0x08001261   Thumb Code    94  main.o(i.MX_GPIO_Init)
    i.NVIC_SetPriority                       0x080012c8   Section        0  stm32f4xx_hal_cortex.o(i.NVIC_SetPriority)
    NVIC_SetPriority                         0x080012c9   Thumb Code    32  stm32f4xx_hal_cortex.o(i.NVIC_SetPriority)
    i.PendSV_Handler                         0x080012e8   Section        0  stm32f4xx_it.o(i.PendSV_Handler)
    i.SDIO_ConfigData                        0x080012ea   Section        0  stm32f4xx_ll_sdmmc.o(i.SDIO_ConfigData)
    i.SDIO_GetPowerState                     0x0800130e   Section        0  stm32f4xx_ll_sdmmc.o(i.SDIO_GetPowerState)
    i.SDIO_GetResponse                       0x08001316   Section        0  stm32f4xx_ll_sdmmc.o(i.SDIO_GetResponse)
    i.SDIO_Init                              0x08001322   Section        0  stm32f4xx_ll_sdmmc.o(i.SDIO_Init)
    i.SDIO_PowerState_ON                     0x08001346   Section        0  stm32f4xx_ll_sdmmc.o(i.SDIO_PowerState_ON)
    i.SDIO_ReadFIFO                          0x0800134e   Section        0  stm32f4xx_ll_sdmmc.o(i.SDIO_ReadFIFO)
    i.SDIO_SendCommand                       0x08001354   Section        0  stm32f4xx_ll_sdmmc.o(i.SDIO_SendCommand)
    i.SDIO_WriteFIFO                         0x08001374   Section        0  stm32f4xx_ll_sdmmc.o(i.SDIO_WriteFIFO)
    i.SDMMC_CmdAppCommand                    0x0800137e   Section        0  stm32f4xx_ll_sdmmc.o(i.SDMMC_CmdAppCommand)
    i.SDMMC_CmdAppOperCommand                0x080013b0   Section        0  stm32f4xx_ll_sdmmc.o(i.SDMMC_CmdAppOperCommand)
    i.SDMMC_CmdBlockLength                   0x080013e4   Section        0  stm32f4xx_ll_sdmmc.o(i.SDMMC_CmdBlockLength)
    i.SDMMC_CmdBusWidth                      0x08001416   Section        0  stm32f4xx_ll_sdmmc.o(i.SDMMC_CmdBusWidth)
    i.SDMMC_CmdGoIdleState                   0x08001448   Section        0  stm32f4xx_ll_sdmmc.o(i.SDMMC_CmdGoIdleState)
    i.SDMMC_CmdOperCond                      0x08001498   Section        0  stm32f4xx_ll_sdmmc.o(i.SDMMC_CmdOperCond)
    i.SDMMC_CmdReadMultiBlock                0x08001500   Section        0  stm32f4xx_ll_sdmmc.o(i.SDMMC_CmdReadMultiBlock)
    i.SDMMC_CmdReadSingleBlock               0x08001532   Section        0  stm32f4xx_ll_sdmmc.o(i.SDMMC_CmdReadSingleBlock)
    i.SDMMC_CmdSelDesel                      0x08001564   Section        0  stm32f4xx_ll_sdmmc.o(i.SDMMC_CmdSelDesel)
    i.SDMMC_CmdSendCID                       0x08001596   Section        0  stm32f4xx_ll_sdmmc.o(i.SDMMC_CmdSendCID)
    i.SDMMC_CmdSendCSD                       0x080015c2   Section        0  stm32f4xx_ll_sdmmc.o(i.SDMMC_CmdSendCSD)
    i.SDMMC_CmdSendSCR                       0x080015ee   Section        0  stm32f4xx_ll_sdmmc.o(i.SDMMC_CmdSendSCR)
    i.SDMMC_CmdSendStatus                    0x0800161e   Section        0  stm32f4xx_ll_sdmmc.o(i.SDMMC_CmdSendStatus)
    i.SDMMC_CmdSetRelAdd                     0x08001650   Section        0  stm32f4xx_ll_sdmmc.o(i.SDMMC_CmdSetRelAdd)
    i.SDMMC_CmdStopTransfer                  0x08001680   Section        0  stm32f4xx_ll_sdmmc.o(i.SDMMC_CmdStopTransfer)
    i.SDMMC_CmdWriteMultiBlock               0x080016b4   Section        0  stm32f4xx_ll_sdmmc.o(i.SDMMC_CmdWriteMultiBlock)
    i.SDMMC_CmdWriteSingleBlock              0x080016e6   Section        0  stm32f4xx_ll_sdmmc.o(i.SDMMC_CmdWriteSingleBlock)
    i.SDMMC_GetCmdResp1                      0x08001718   Section        0  stm32f4xx_ll_sdmmc.o(i.SDMMC_GetCmdResp1)
    SDMMC_GetCmdResp1                        0x08001719   Thumb Code   276  stm32f4xx_ll_sdmmc.o(i.SDMMC_GetCmdResp1)
    i.SDMMC_GetCmdResp2                      0x08001834   Section        0  stm32f4xx_ll_sdmmc.o(i.SDMMC_GetCmdResp2)
    SDMMC_GetCmdResp2                        0x08001835   Thumb Code    74  stm32f4xx_ll_sdmmc.o(i.SDMMC_GetCmdResp2)
    i.SDMMC_GetCmdResp3                      0x08001884   Section        0  stm32f4xx_ll_sdmmc.o(i.SDMMC_GetCmdResp3)
    SDMMC_GetCmdResp3                        0x08001885   Thumb Code    60  stm32f4xx_ll_sdmmc.o(i.SDMMC_GetCmdResp3)
    i.SDMMC_GetCmdResp6                      0x080018c4   Section        0  stm32f4xx_ll_sdmmc.o(i.SDMMC_GetCmdResp6)
    SDMMC_GetCmdResp6                        0x080018c5   Thumb Code   128  stm32f4xx_ll_sdmmc.o(i.SDMMC_GetCmdResp6)
    i.SD_FindSCR                             0x08001948   Section        0  stm32f4xx_hal_sd.o(i.SD_FindSCR)
    SD_FindSCR                               0x08001949   Thumb Code   212  stm32f4xx_hal_sd.o(i.SD_FindSCR)
    i.SD_InitCard                            0x08001a1c   Section        0  stm32f4xx_hal_sd.o(i.SD_InitCard)
    SD_InitCard                              0x08001a1d   Thumb Code   230  stm32f4xx_hal_sd.o(i.SD_InitCard)
    i.SD_PowerON                             0x08001b02   Section        0  stm32f4xx_hal_sd.o(i.SD_PowerON)
    SD_PowerON                               0x08001b03   Thumb Code   162  stm32f4xx_hal_sd.o(i.SD_PowerON)
    i.SD_WideBus_Disable                     0x08001ba4   Section        0  stm32f4xx_hal_sd.o(i.SD_WideBus_Disable)
    SD_WideBus_Disable                       0x08001ba5   Thumb Code    78  stm32f4xx_hal_sd.o(i.SD_WideBus_Disable)
    i.SD_WideBus_Enable                      0x08001bf2   Section        0  stm32f4xx_hal_sd.o(i.SD_WideBus_Enable)
    SD_WideBus_Enable                        0x08001bf3   Thumb Code    78  stm32f4xx_hal_sd.o(i.SD_WideBus_Enable)
    i.SD_initialize                          0x08001c40   Section        0  sd_diskio.o(i.SD_initialize)
    i.SD_ioctl                               0x08001c60   Section        0  sd_diskio.o(i.SD_ioctl)
    i.SD_read                                0x08001cb0   Section        0  sd_diskio.o(i.SD_read)
    i.SD_status                              0x08001cec   Section        0  sd_diskio.o(i.SD_status)
    i.SD_write                               0x08001d0c   Section        0  sd_diskio.o(i.SD_write)
    i.SVC_Handler                            0x08001d48   Section        0  stm32f4xx_it.o(i.SVC_Handler)
    i.SysTick_Handler                        0x08001d4a   Section        0  stm32f4xx_it.o(i.SysTick_Handler)
    i.SystemClock_Config                     0x08001d58   Section        0  main.o(i.SystemClock_Config)
    i.SystemInit                             0x08001dfc   Section        0  system_stm32f4xx.o(i.SystemInit)
    i.__scatterload_copy                     0x08001e50   Section       14  handlers.o(i.__scatterload_copy)
    i.__scatterload_null                     0x08001e5e   Section        2  handlers.o(i.__scatterload_null)
    i.__scatterload_zeroinit                 0x08001e60   Section       14  handlers.o(i.__scatterload_zeroinit)
    i.check_fs                               0x08001e70   Section        0  ff.o(i.check_fs)
    check_fs                                 0x08001e71   Thumb Code    90  ff.o(i.check_fs)
    i.chk_lock                               0x08001ed0   Section        0  ff.o(i.chk_lock)
    chk_lock                                 0x08001ed1   Thumb Code   100  ff.o(i.chk_lock)
    i.clear_lock                             0x08001f38   Section        0  ff.o(i.clear_lock)
    clear_lock                               0x08001f39   Thumb Code    32  ff.o(i.clear_lock)
    i.clmt_clust                             0x08001f5c   Section        0  ff.o(i.clmt_clust)
    clmt_clust                               0x08001f5d   Thumb Code    46  ff.o(i.clmt_clust)
    i.clust2sect                             0x08001f8a   Section        0  ff.o(i.clust2sect)
    i.create_chain                           0x08001fa6   Section        0  ff.o(i.create_chain)
    create_chain                             0x08001fa7   Thumb Code   164  ff.o(i.create_chain)
    i.create_name                            0x0800204c   Section        0  ff.o(i.create_name)
    create_name                              0x0800204d   Thumb Code   236  ff.o(i.create_name)
    i.dec_lock                               0x0800214c   Section        0  ff.o(i.dec_lock)
    dec_lock                                 0x0800214d   Thumb Code    54  ff.o(i.dec_lock)
    i.dir_next                               0x08002188   Section        0  ff.o(i.dir_next)
    dir_next                                 0x08002189   Thumb Code   284  ff.o(i.dir_next)
    i.dir_register                           0x080022a4   Section        0  ff.o(i.dir_register)
    dir_register                             0x080022a5   Thumb Code   112  ff.o(i.dir_register)
    i.dir_sdi                                0x08002314   Section        0  ff.o(i.dir_sdi)
    dir_sdi                                  0x08002315   Thumb Code   158  ff.o(i.dir_sdi)
    i.disk_initialize                        0x080023b4   Section        0  diskio.o(i.disk_initialize)
    i.disk_ioctl                             0x080023dc   Section        0  diskio.o(i.disk_ioctl)
    i.disk_read                              0x080023f8   Section        0  diskio.o(i.disk_read)
    i.disk_status                            0x08002414   Section        0  diskio.o(i.disk_status)
    i.disk_write                             0x0800242c   Section        0  diskio.o(i.disk_write)
    i.f_close                                0x08002448   Section        0  ff.o(i.f_close)
    i.f_mount                                0x08002474   Section        0  ff.o(i.f_mount)
    i.f_open                                 0x080024d8   Section        0  ff.o(i.f_open)
    i.f_sync                                 0x080026c0   Section        0  ff.o(i.f_sync)
    i.f_write                                0x08002762   Section        0  ff.o(i.f_write)
    i.find_volume                            0x08002928   Section        0  ff.o(i.find_volume)
    find_volume                              0x08002929   Thumb Code   606  ff.o(i.find_volume)
    i.follow_path                            0x08002b94   Section        0  ff.o(i.follow_path)
    follow_path                              0x08002b95   Thumb Code   184  ff.o(i.follow_path)
    i.get_fat                                0x08002c4c   Section        0  ff.o(i.get_fat)
    i.get_fattime                            0x08002d32   Section        0  fatfs.o(i.get_fattime)
    i.get_ldnumber                           0x08002d36   Section        0  ff.o(i.get_ldnumber)
    get_ldnumber                             0x08002d37   Thumb Code    60  ff.o(i.get_ldnumber)
    i.inc_lock                               0x08002d74   Section        0  ff.o(i.inc_lock)
    inc_lock                                 0x08002d75   Thumb Code   146  ff.o(i.inc_lock)
    i.ld_clust                               0x08002e0c   Section        0  ff.o(i.ld_clust)
    ld_clust                                 0x08002e0d   Thumb Code    22  ff.o(i.ld_clust)
    i.main                                   0x08002e24   Section        0  main.o(i.main)
    i.mem_cpy                                0x08002ee0   Section        0  ff.o(i.mem_cpy)
    mem_cpy                                  0x08002ee1   Thumb Code    18  ff.o(i.mem_cpy)
    i.mem_set                                0x08002ef2   Section        0  ff.o(i.mem_set)
    mem_set                                  0x08002ef3   Thumb Code    14  ff.o(i.mem_set)
    i.move_window                            0x08002f00   Section        0  ff.o(i.move_window)
    move_window                              0x08002f01   Thumb Code    56  ff.o(i.move_window)
    i.put_fat                                0x08002f38   Section        0  ff.o(i.put_fat)
    i.remove_chain                           0x08003056   Section        0  ff.o(i.remove_chain)
    remove_chain                             0x08003057   Thumb Code   102  ff.o(i.remove_chain)
    i.st_clust                               0x080030bc   Section        0  ff.o(i.st_clust)
    st_clust                                 0x080030bd   Thumb Code    16  ff.o(i.st_clust)
    i.sync_fs                                0x080030cc   Section        0  ff.o(i.sync_fs)
    sync_fs                                  0x080030cd   Thumb Code   168  ff.o(i.sync_fs)
    i.sync_window                            0x08003174   Section        0  ff.o(i.sync_window)
    sync_window                              0x08003175   Thumb Code    82  ff.o(i.sync_window)
    i.validate                               0x080031c6   Section        0  ff.o(i.validate)
    validate                                 0x080031c7   Thumb Code    42  ff.o(i.validate)
    .constdata                               0x080031f0   Section       20  sd_diskio.o(.constdata)
    .constdata                               0x08003204   Section      172  ff.o(.constdata)
    ExCvt                                    0x08003204   Data         128  ff.o(.constdata)
    vst                                      0x08003284   Data          22  ff.o(.constdata)
    cst                                      0x0800329a   Data          22  ff.o(.constdata)
    .constdata                               0x080032b0   Section       16  system_stm32f4xx.o(.constdata)
    .data                                    0x20000000   Section        4  stm32f4xx_hal.o(.data)
    .data                                    0x20000004   Section        1  sd_diskio.o(.data)
    Stat                                     0x20000004   Data           1  sd_diskio.o(.data)
    .data                                    0x20000008   Section        8  ff.o(.data)
    Fsid                                     0x20000008   Data           2  ff.o(.data)
    FatFs                                    0x2000000c   Data           4  ff.o(.data)
    .data                                    0x20000010   Section        4  system_stm32f4xx.o(.data)
    .data                                    0x20000014   Section        5  fatfs.o(.data)
    .bss                                     0x2000001c   Section       24  ff.o(.bss)
    Files                                    0x2000001c   Data          24  ff.o(.bss)
    .bss                                     0x20000034   Section       12  ff_gen_drv.o(.bss)
    .bss                                     0x20000040   Section      132  main.o(.bss)
    STACK                                    0x200000c8   Section    16384  startup_stm32f429xx.o(STACK)

    Global Symbols

    Symbol Name                              Value     Ov Type        Size  Object(Section)

    BuildAttributes$$THM_ISAv4$E$P$D$K$B$S$7EM$VFPi3$EXTD16$VFPS$VFMA$PE$A:L22UL41UL21$X:L11$S22US41US21$IEEE1$IW$USESV6$~STKCKD$USESV7$~SHL$OSPACE$EBA8$MICROLIB$REQ8$PRES8$EABIv2 0x00000000   Number         0  anon$$obj.o ABSOLUTE
    __ARM_use_no_argv                        0x00000000   Number         0  main.o ABSOLUTE
    __cpp_initialize__aeabi_                  - Undefined Weak Reference
    __cxa_finalize                            - Undefined Weak Reference
    __decompress                              - Undefined Weak Reference
    _clock_init                               - Undefined Weak Reference
    _microlib_exit                            - Undefined Weak Reference
    __Vectors_Size                           0x000001ac   Number         0  startup_stm32f429xx.o ABSOLUTE
    __Vectors                                0x08000000   Data           4  startup_stm32f429xx.o(RESET)
    __Vectors_End                            0x080001ac   Data           0  startup_stm32f429xx.o(RESET)
    __main                                   0x080001ad   Thumb Code     0  entry.o(.ARM.Collect$$$$00000000)
    _main_stk                                0x080001ad   Thumb Code     0  entry2.o(.ARM.Collect$$$$00000001)
    _main_scatterload                        0x080001b1   Thumb Code     0  entry5.o(.ARM.Collect$$$$00000004)
    __main_after_scatterload                 0x080001b5   Thumb Code     0  entry5.o(.ARM.Collect$$$$00000004)
    _main_clock                              0x080001b5   Thumb Code     0  entry7b.o(.ARM.Collect$$$$00000008)
    _main_cpp_init                           0x080001b5   Thumb Code     0  entry8b.o(.ARM.Collect$$$$0000000A)
    _main_init                               0x080001b5   Thumb Code     0  entry9a.o(.ARM.Collect$$$$0000000B)
    __rt_final_cpp                           0x080001bd   Thumb Code     0  entry10a.o(.ARM.Collect$$$$0000000D)
    __rt_final_exit                          0x080001bd   Thumb Code     0  entry11a.o(.ARM.Collect$$$$0000000F)
    Reset_Handler                            0x080001c1   Thumb Code     8  startup_stm32f429xx.o(.text)
    NMI_Handler                              0x080001c9   Thumb Code     2  startup_stm32f429xx.o(.text)
    HardFault_Handler                        0x080001cb   Thumb Code     2  startup_stm32f429xx.o(.text)
    MemManage_Handler                        0x080001cd   Thumb Code     2  startup_stm32f429xx.o(.text)
    BusFault_Handler                         0x080001cf   Thumb Code     2  startup_stm32f429xx.o(.text)
    UsageFault_Handler                       0x080001d1   Thumb Code     2  startup_stm32f429xx.o(.text)
    DebugMon_Handler                         0x080001d5   Thumb Code     2  startup_stm32f429xx.o(.text)
    ADC_IRQHandler                           0x080001db   Thumb Code     0  startup_stm32f429xx.o(.text)
    CAN1_RX0_IRQHandler                      0x080001db   Thumb Code     0  startup_stm32f429xx.o(.text)
    CAN1_RX1_IRQHandler                      0x080001db   Thumb Code     0  startup_stm32f429xx.o(.text)
    CAN1_SCE_IRQHandler                      0x080001db   Thumb Code     0  startup_stm32f429xx.o(.text)
    CAN1_TX_IRQHandler                       0x080001db   Thumb Code     0  startup_stm32f429xx.o(.text)
    CAN2_RX0_IRQHandler                      0x080001db   Thumb Code     0  startup_stm32f429xx.o(.text)
    CAN2_RX1_IRQHandler                      0x080001db   Thumb Code     0  startup_stm32f429xx.o(.text)
    CAN2_SCE_IRQHandler                      0x080001db   Thumb Code     0  startup_stm32f429xx.o(.text)
    CAN2_TX_IRQHandler                       0x080001db   Thumb Code     0  startup_stm32f429xx.o(.text)
    DCMI_IRQHandler                          0x080001db   Thumb Code     0  startup_stm32f429xx.o(.text)
    DMA1_Stream0_IRQHandler                  0x080001db   Thumb Code     0  startup_stm32f429xx.o(.text)
    DMA1_Stream1_IRQHandler                  0x080001db   Thumb Code     0  startup_stm32f429xx.o(.text)
    DMA1_Stream2_IRQHandler                  0x080001db   Thumb Code     0  startup_stm32f429xx.o(.text)
    DMA1_Stream3_IRQHandler                  0x080001db   Thumb Code     0  startup_stm32f429xx.o(.text)
    DMA1_Stream4_IRQHandler                  0x080001db   Thumb Code     0  startup_stm32f429xx.o(.text)
    DMA1_Stream5_IRQHandler                  0x080001db   Thumb Code     0  startup_stm32f429xx.o(.text)
    DMA1_Stream6_IRQHandler                  0x080001db   Thumb Code     0  startup_stm32f429xx.o(.text)
    DMA1_Stream7_IRQHandler                  0x080001db   Thumb Code     0  startup_stm32f429xx.o(.text)
    DMA2D_IRQHandler                         0x080001db   Thumb Code     0  startup_stm32f429xx.o(.text)
    DMA2_Stream0_IRQHandler                  0x080001db   Thumb Code     0  startup_stm32f429xx.o(.text)
    DMA2_Stream1_IRQHandler                  0x080001db   Thumb Code     0  startup_stm32f429xx.o(.text)
    DMA2_Stream2_IRQHandler                  0x080001db   Thumb Code     0  startup_stm32f429xx.o(.text)
    DMA2_Stream3_IRQHandler                  0x080001db   Thumb Code     0  startup_stm32f429xx.o(.text)
    DMA2_Stream4_IRQHandler                  0x080001db   Thumb Code     0  startup_stm32f429xx.o(.text)
    DMA2_Stream5_IRQHandler                  0x080001db   Thumb Code     0  startup_stm32f429xx.o(.text)
    DMA2_Stream6_IRQHandler                  0x080001db   Thumb Code     0  startup_stm32f429xx.o(.text)
    DMA2_Stream7_IRQHandler                  0x080001db   Thumb Code     0  startup_stm32f429xx.o(.text)
    ETH_IRQHandler                           0x080001db   Thumb Code     0  startup_stm32f429xx.o(.text)
    ETH_WKUP_IRQHandler                      0x080001db   Thumb Code     0  startup_stm32f429xx.o(.text)
    EXTI0_IRQHandler                         0x080001db   Thumb Code     0  startup_stm32f429xx.o(.text)
    EXTI15_10_IRQHandler                     0x080001db   Thumb Code     0  startup_stm32f429xx.o(.text)
    EXTI1_IRQHandler                         0x080001db   Thumb Code     0  startup_stm32f429xx.o(.text)
    EXTI2_IRQHandler                         0x080001db   Thumb Code     0  startup_stm32f429xx.o(.text)
    EXTI3_IRQHandler                         0x080001db   Thumb Code     0  startup_stm32f429xx.o(.text)
    EXTI4_IRQHandler                         0x080001db   Thumb Code     0  startup_stm32f429xx.o(.text)
    EXTI9_5_IRQHandler                       0x080001db   Thumb Code     0  startup_stm32f429xx.o(.text)
    FLASH_IRQHandler                         0x080001db   Thumb Code     0  startup_stm32f429xx.o(.text)
    FMC_IRQHandler                           0x080001db   Thumb Code     0  startup_stm32f429xx.o(.text)
    FPU_IRQHandler                           0x080001db   Thumb Code     0  startup_stm32f429xx.o(.text)
    HASH_RNG_IRQHandler                      0x080001db   Thumb Code     0  startup_stm32f429xx.o(.text)
    I2C1_ER_IRQHandler                       0x080001db   Thumb Code     0  startup_stm32f429xx.o(.text)
    I2C1_EV_IRQHandler                       0x080001db   Thumb Code     0  startup_stm32f429xx.o(.text)
    I2C2_ER_IRQHandler                       0x080001db   Thumb Code     0  startup_stm32f429xx.o(.text)
    I2C2_EV_IRQHandler                       0x080001db   Thumb Code     0  startup_stm32f429xx.o(.text)
    I2C3_ER_IRQHandler                       0x080001db   Thumb Code     0  startup_stm32f429xx.o(.text)
    I2C3_EV_IRQHandler                       0x080001db   Thumb Code     0  startup_stm32f429xx.o(.text)
    LTDC_ER_IRQHandler                       0x080001db   Thumb Code     0  startup_stm32f429xx.o(.text)
    LTDC_IRQHandler                          0x080001db   Thumb Code     0  startup_stm32f429xx.o(.text)
    OTG_FS_IRQHandler                        0x080001db   Thumb Code     0  startup_stm32f429xx.o(.text)
    OTG_FS_WKUP_IRQHandler                   0x080001db   Thumb Code     0  startup_stm32f429xx.o(.text)
    OTG_HS_EP1_IN_IRQHandler                 0x080001db   Thumb Code     0  startup_stm32f429xx.o(.text)
    OTG_HS_EP1_OUT_IRQHandler                0x080001db   Thumb Code     0  startup_stm32f429xx.o(.text)
    OTG_HS_IRQHandler                        0x080001db   Thumb Code     0  startup_stm32f429xx.o(.text)
    OTG_HS_WKUP_IRQHandler                   0x080001db   Thumb Code     0  startup_stm32f429xx.o(.text)
    PVD_IRQHandler                           0x080001db   Thumb Code     0  startup_stm32f429xx.o(.text)
    RCC_IRQHandler                           0x080001db   Thumb Code     0  startup_stm32f429xx.o(.text)
    RTC_Alarm_IRQHandler                     0x080001db   Thumb Code     0  startup_stm32f429xx.o(.text)
    RTC_WKUP_IRQHandler                      0x080001db   Thumb Code     0  startup_stm32f429xx.o(.text)
    SAI1_IRQHandler                          0x080001db   Thumb Code     0  startup_stm32f429xx.o(.text)
    SDIO_IRQHandler                          0x080001db   Thumb Code     0  startup_stm32f429xx.o(.text)
    SPI1_IRQHandler                          0x080001db   Thumb Code     0  startup_stm32f429xx.o(.text)
    SPI2_IRQHandler                          0x080001db   Thumb Code     0  startup_stm32f429xx.o(.text)
    SPI3_IRQHandler                          0x080001db   Thumb Code     0  startup_stm32f429xx.o(.text)
    SPI4_IRQHandler                          0x080001db   Thumb Code     0  startup_stm32f429xx.o(.text)
    SPI5_IRQHandler                          0x080001db   Thumb Code     0  startup_stm32f429xx.o(.text)
    SPI6_IRQHandler                          0x080001db   Thumb Code     0  startup_stm32f429xx.o(.text)
    TAMP_STAMP_IRQHandler                    0x080001db   Thumb Code     0  startup_stm32f429xx.o(.text)
    TIM1_BRK_TIM9_IRQHandler                 0x080001db   Thumb Code     0  startup_stm32f429xx.o(.text)
    TIM1_CC_IRQHandler                       0x080001db   Thumb Code     0  startup_stm32f429xx.o(.text)
    TIM1_TRG_COM_TIM11_IRQHandler            0x080001db   Thumb Code     0  startup_stm32f429xx.o(.text)
    TIM1_UP_TIM10_IRQHandler                 0x080001db   Thumb Code     0  startup_stm32f429xx.o(.text)
    TIM2_IRQHandler                          0x080001db   Thumb Code     0  startup_stm32f429xx.o(.text)
    TIM3_IRQHandler                          0x080001db   Thumb Code     0  startup_stm32f429xx.o(.text)
    TIM4_IRQHandler                          0x080001db   Thumb Code     0  startup_stm32f429xx.o(.text)
    TIM5_IRQHandler                          0x080001db   Thumb Code     0  startup_stm32f429xx.o(.text)
    TIM6_DAC_IRQHandler                      0x080001db   Thumb Code     0  startup_stm32f429xx.o(.text)
    TIM7_IRQHandler                          0x080001db   Thumb Code     0  startup_stm32f429xx.o(.text)
    TIM8_BRK_TIM12_IRQHandler                0x080001db   Thumb Code     0  startup_stm32f429xx.o(.text)
    TIM8_CC_IRQHandler                       0x080001db   Thumb Code     0  startup_stm32f429xx.o(.text)
    TIM8_TRG_COM_TIM14_IRQHandler            0x080001db   Thumb Code     0  startup_stm32f429xx.o(.text)
    TIM8_UP_TIM13_IRQHandler                 0x080001db   Thumb Code     0  startup_stm32f429xx.o(.text)
    UART4_IRQHandler                         0x080001db   Thumb Code     0  startup_stm32f429xx.o(.text)
    UART5_IRQHandler                         0x080001db   Thumb Code     0  startup_stm32f429xx.o(.text)
    UART7_IRQHandler                         0x080001db   Thumb Code     0  startup_stm32f429xx.o(.text)
    UART8_IRQHandler                         0x080001db   Thumb Code     0  startup_stm32f429xx.o(.text)
    USART1_IRQHandler                        0x080001db   Thumb Code     0  startup_stm32f429xx.o(.text)
    USART2_IRQHandler                        0x080001db   Thumb Code     0  startup_stm32f429xx.o(.text)
    USART3_IRQHandler                        0x080001db   Thumb Code     0  startup_stm32f429xx.o(.text)
    USART6_IRQHandler                        0x080001db   Thumb Code     0  startup_stm32f429xx.o(.text)
    WWDG_IRQHandler                          0x080001db   Thumb Code     0  startup_stm32f429xx.o(.text)
    __scatterload                            0x080001e5   Thumb Code    28  init.o(.text)
    __scatterload_rt2                        0x080001e5   Thumb Code     0  init.o(.text)
    BSP_SD_GetCardInfo                       0x08000209   Thumb Code     8  bsp_driver_sd.o(i.BSP_SD_GetCardInfo)
    BSP_SD_GetCardState                      0x08000215   Thumb Code    20  bsp_driver_sd.o(i.BSP_SD_GetCardState)
    BSP_SD_Init                              0x0800022d   Thumb Code    48  bsp_driver_sd.o(i.BSP_SD_Init)
    BSP_SD_ReadBlocks                        0x08000261   Thumb Code    26  bsp_driver_sd.o(i.BSP_SD_ReadBlocks)
    BSP_SD_WriteBlocks                       0x08000281   Thumb Code    26  bsp_driver_sd.o(i.BSP_SD_WriteBlocks)
    FATFS_LinkDriver                         0x080002a1   Thumb Code     6  ff_gen_drv.o(i.FATFS_LinkDriver)
    FATFS_LinkDriverEx                       0x080002a9   Thumb Code    60  ff_gen_drv.o(i.FATFS_LinkDriverEx)
    HAL_Delay                                0x080002e9   Thumb Code    28  stm32f4xx_hal.o(i.HAL_Delay)
    HAL_GPIO_Init                            0x08000305   Thumb Code   408  stm32f4xx_hal_gpio.o(i.HAL_GPIO_Init)
    HAL_GPIO_WritePin                        0x080004d1   Thumb Code    10  stm32f4xx_hal_gpio.o(i.HAL_GPIO_WritePin)
    HAL_GetTick                              0x080004dd   Thumb Code     6  stm32f4xx_hal.o(i.HAL_GetTick)
    HAL_IncTick                              0x080004e9   Thumb Code    10  stm32f4xx_hal.o(i.HAL_IncTick)
    HAL_Init                                 0x080004f9   Thumb Code    48  stm32f4xx_hal.o(i.HAL_Init)
    HAL_InitTick                             0x0800052d   Thumb Code    34  stm32f4xx_hal.o(i.HAL_InitTick)
    HAL_MspInit                              0x08000555   Thumb Code    88  stm32f4xx_hal_msp.o(i.HAL_MspInit)
    HAL_NVIC_SetPriority                     0x080005ad   Thumb Code    60  stm32f4xx_hal_cortex.o(i.HAL_NVIC_SetPriority)
    HAL_NVIC_SetPriorityGrouping             0x080005ed   Thumb Code    26  stm32f4xx_hal_cortex.o(i.HAL_NVIC_SetPriorityGrouping)
    HAL_RCC_ClockConfig                      0x08000611   Thumb Code   364  stm32f4xx_hal_rcc.o(i.HAL_RCC_ClockConfig)
    HAL_RCC_GetHCLKFreq                      0x0800078d   Thumb Code     6  stm32f4xx_hal_rcc.o(i.HAL_RCC_GetHCLKFreq)
    HAL_RCC_GetSysClockFreq                  0x08000799   Thumb Code   104  stm32f4xx_hal_rcc.o(i.HAL_RCC_GetSysClockFreq)
    HAL_RCC_OscConfig                        0x08000809   Thumb Code   770  stm32f4xx_hal_rcc.o(i.HAL_RCC_OscConfig)
    HAL_SD_ConfigWideBusOperation            0x08000b1d   Thumb Code   120  stm32f4xx_hal_sd.o(i.HAL_SD_ConfigWideBusOperation)
    HAL_SD_GetCardCSD                        0x08000b95   Thumb Code   474  stm32f4xx_hal_sd.o(i.HAL_SD_GetCardCSD)
    HAL_SD_GetCardInfo                       0x08000d6f   Thumb Code    36  stm32f4xx_hal_sd.o(i.HAL_SD_GetCardInfo)
    HAL_SD_GetCardState                      0x08000d93   Thumb Code    44  stm32f4xx_hal_sd.o(i.HAL_SD_GetCardState)
    HAL_SD_Init                              0x08000dbf   Thumb Code    54  stm32f4xx_hal_sd.o(i.HAL_SD_Init)
    HAL_SD_InitCard                          0x08000df5   Thumb Code    80  stm32f4xx_hal_sd.o(i.HAL_SD_InitCard)
    HAL_SD_MspInit                           0x08000e49   Thumb Code    84  stm32f4xx_hal_msp.o(i.HAL_SD_MspInit)
    HAL_SD_ReadBlocks                        0x08000ead   Thumb Code   434  stm32f4xx_hal_sd.o(i.HAL_SD_ReadBlocks)
    HAL_SD_WriteBlocks                       0x08001061   Thumb Code   410  stm32f4xx_hal_sd.o(i.HAL_SD_WriteBlocks)
    HAL_SYSTICK_CLKSourceConfig              0x080011fb   Thumb Code    24  stm32f4xx_hal_cortex.o(i.HAL_SYSTICK_CLKSourceConfig)
    HAL_SYSTICK_Callback                     0x08001213   Thumb Code     2  stm32f4xx_hal_cortex.o(i.HAL_SYSTICK_Callback)
    HAL_SYSTICK_Config                       0x08001215   Thumb Code    40  stm32f4xx_hal_cortex.o(i.HAL_SYSTICK_Config)
    HAL_SYSTICK_IRQHandler                   0x0800123d   Thumb Code     8  stm32f4xx_hal_cortex.o(i.HAL_SYSTICK_IRQHandler)
    MX_FATFS_Init                            0x08001245   Thumb Code    18  fatfs.o(i.MX_FATFS_Init)
    PendSV_Handler                           0x080012e9   Thumb Code     2  stm32f4xx_it.o(i.PendSV_Handler)
    SDIO_ConfigData                          0x080012eb   Thumb Code    36  stm32f4xx_ll_sdmmc.o(i.SDIO_ConfigData)
    SDIO_GetPowerState                       0x0800130f   Thumb Code     8  stm32f4xx_ll_sdmmc.o(i.SDIO_GetPowerState)
    SDIO_GetResponse                         0x08001317   Thumb Code    12  stm32f4xx_ll_sdmmc.o(i.SDIO_GetResponse)
    SDIO_Init                                0x08001323   Thumb Code    36  stm32f4xx_ll_sdmmc.o(i.SDIO_Init)
    SDIO_PowerState_ON                       0x08001347   Thumb Code     8  stm32f4xx_ll_sdmmc.o(i.SDIO_PowerState_ON)
    SDIO_ReadFIFO                            0x0800134f   Thumb Code     6  stm32f4xx_ll_sdmmc.o(i.SDIO_ReadFIFO)
    SDIO_SendCommand                         0x08001355   Thumb Code    32  stm32f4xx_ll_sdmmc.o(i.SDIO_SendCommand)
    SDIO_WriteFIFO                           0x08001375   Thumb Code    10  stm32f4xx_ll_sdmmc.o(i.SDIO_WriteFIFO)
    SDMMC_CmdAppCommand                      0x0800137f   Thumb Code    50  stm32f4xx_ll_sdmmc.o(i.SDMMC_CmdAppCommand)
    SDMMC_CmdAppOperCommand                  0x080013b1   Thumb Code    48  stm32f4xx_ll_sdmmc.o(i.SDMMC_CmdAppOperCommand)
    SDMMC_CmdBlockLength                     0x080013e5   Thumb Code    50  stm32f4xx_ll_sdmmc.o(i.SDMMC_CmdBlockLength)
    SDMMC_CmdBusWidth                        0x08001417   Thumb Code    50  stm32f4xx_ll_sdmmc.o(i.SDMMC_CmdBusWidth)
    SDMMC_CmdGoIdleState                     0x08001449   Thumb Code    76  stm32f4xx_ll_sdmmc.o(i.SDMMC_CmdGoIdleState)
    SDMMC_CmdOperCond                        0x08001499   Thumb Code    98  stm32f4xx_ll_sdmmc.o(i.SDMMC_CmdOperCond)
    SDMMC_CmdReadMultiBlock                  0x08001501   Thumb Code    50  stm32f4xx_ll_sdmmc.o(i.SDMMC_CmdReadMultiBlock)
    SDMMC_CmdReadSingleBlock                 0x08001533   Thumb Code    50  stm32f4xx_ll_sdmmc.o(i.SDMMC_CmdReadSingleBlock)
    SDMMC_CmdSelDesel                        0x08001565   Thumb Code    50  stm32f4xx_ll_sdmmc.o(i.SDMMC_CmdSelDesel)
    SDMMC_CmdSendCID                         0x08001597   Thumb Code    44  stm32f4xx_ll_sdmmc.o(i.SDMMC_CmdSendCID)
    SDMMC_CmdSendCSD                         0x080015c3   Thumb Code    44  stm32f4xx_ll_sdmmc.o(i.SDMMC_CmdSendCSD)
    SDMMC_CmdSendSCR                         0x080015ef   Thumb Code    48  stm32f4xx_ll_sdmmc.o(i.SDMMC_CmdSendSCR)
    SDMMC_CmdSendStatus                      0x0800161f   Thumb Code    50  stm32f4xx_ll_sdmmc.o(i.SDMMC_CmdSendStatus)
    SDMMC_CmdSetRelAdd                       0x08001651   Thumb Code    48  stm32f4xx_ll_sdmmc.o(i.SDMMC_CmdSetRelAdd)
    SDMMC_CmdStopTransfer                    0x08001681   Thumb Code    46  stm32f4xx_ll_sdmmc.o(i.SDMMC_CmdStopTransfer)
    SDMMC_CmdWriteMultiBlock                 0x080016b5   Thumb Code    50  stm32f4xx_ll_sdmmc.o(i.SDMMC_CmdWriteMultiBlock)
    SDMMC_CmdWriteSingleBlock                0x080016e7   Thumb Code    50  stm32f4xx_ll_sdmmc.o(i.SDMMC_CmdWriteSingleBlock)
    SD_initialize                            0x08001c41   Thumb Code    26  sd_diskio.o(i.SD_initialize)
    SD_ioctl                                 0x08001c61   Thumb Code    74  sd_diskio.o(i.SD_ioctl)
    SD_read                                  0x08001cb1   Thumb Code    52  sd_diskio.o(i.SD_read)
    SD_status                                0x08001ced   Thumb Code    26  sd_diskio.o(i.SD_status)
    SD_write                                 0x08001d0d   Thumb Code    52  sd_diskio.o(i.SD_write)
    SVC_Handler                              0x08001d49   Thumb Code     2  stm32f4xx_it.o(i.SVC_Handler)
    SysTick_Handler                          0x08001d4b   Thumb Code    14  stm32f4xx_it.o(i.SysTick_Handler)
    SystemClock_Config                       0x08001d59   Thumb Code   154  main.o(i.SystemClock_Config)
    SystemInit                               0x08001dfd   Thumb Code    66  system_stm32f4xx.o(i.SystemInit)
    __scatterload_copy                       0x08001e51   Thumb Code    14  handlers.o(i.__scatterload_copy)
    __scatterload_null                       0x08001e5f   Thumb Code     2  handlers.o(i.__scatterload_null)
    __scatterload_zeroinit                   0x08001e61   Thumb Code    14  handlers.o(i.__scatterload_zeroinit)
    clust2sect                               0x08001f8b   Thumb Code    28  ff.o(i.clust2sect)
    disk_initialize                          0x080023b5   Thumb Code    36  diskio.o(i.disk_initialize)
    disk_ioctl                               0x080023dd   Thumb Code    24  diskio.o(i.disk_ioctl)
    disk_read                                0x080023f9   Thumb Code    24  diskio.o(i.disk_read)
    disk_status                              0x08002415   Thumb Code    18  diskio.o(i.disk_status)
    disk_write                               0x0800242d   Thumb Code    24  diskio.o(i.disk_write)
    f_close                                  0x08002449   Thumb Code    42  ff.o(i.f_close)
    f_mount                                  0x08002475   Thumb Code    94  ff.o(i.f_mount)
    f_open                                   0x080024d9   Thumb Code   484  ff.o(i.f_open)
    f_sync                                   0x080026c1   Thumb Code   162  ff.o(i.f_sync)
    f_write                                  0x08002763   Thumb Code   454  ff.o(i.f_write)
    get_fat                                  0x08002c4d   Thumb Code   230  ff.o(i.get_fat)
    get_fattime                              0x08002d33   Thumb Code     4  fatfs.o(i.get_fattime)
    main                                     0x08002e25   Thumb Code   144  main.o(i.main)
    put_fat                                  0x08002f39   Thumb Code   286  ff.o(i.put_fat)
    SD_Driver                                0x080031f0   Data          20  sd_diskio.o(.constdata)
    AHBPrescTable                            0x080032b0   Data          16  system_stm32f4xx.o(.constdata)
    Region$$Table$$Base                      0x080032c0   Number         0  anon$$obj.o(Region$$Table)
    Region$$Table$$Limit                     0x080032e0   Number         0  anon$$obj.o(Region$$Table)
    uwTick                                   0x20000000   Data           4  stm32f4xx_hal.o(.data)
    SystemCoreClock                          0x20000010   Data           4  system_stm32f4xx.o(.data)
    retSD                                    0x20000014   Data           1  fatfs.o(.data)
    SD_Path                                  0x20000015   Data           4  fatfs.o(.data)
    disk                                     0x20000034   Data          12  ff_gen_drv.o(.bss)
    hsd                                      0x20000040   Data         132  main.o(.bss)
    __initial_sp                             0x200040c8   Data           0  startup_stm32f429xx.o(STACK)



==============================================================================

Memory Map of the image

  Image Entry point : 0x080001ad

  Load Region LR_IROM1 (Base: 0x08000000, Size: 0x000032fc, Max: 0x00200000, ABSOLUTE)

    Execution Region ER_IROM1 (Exec base: 0x08000000, Load base: 0x08000000, Size: 0x000032e0, Max: 0x00200000, ABSOLUTE)

    Exec Addr    Load Addr    Size         Type   Attr      Idx    E Section Name        Object

    0x08000000   0x08000000   0x000001ac   Data   RO         1716    RESET               startup_stm32f429xx.o
    0x080001ac   0x080001ac   0x00000000   Code   RO         2564  * .ARM.Collect$$$$00000000  mc_w.l(entry.o)
    0x080001ac   0x080001ac   0x00000004   Code   RO         2567    .ARM.Collect$$$$00000001  mc_w.l(entry2.o)
    0x080001b0   0x080001b0   0x00000004   Code   RO         2570    .ARM.Collect$$$$00000004  mc_w.l(entry5.o)
    0x080001b4   0x080001b4   0x00000000   Code   RO         2572    .ARM.Collect$$$$00000008  mc_w.l(entry7b.o)
    0x080001b4   0x080001b4   0x00000000   Code   RO         2574    .ARM.Collect$$$$0000000A  mc_w.l(entry8b.o)
    0x080001b4   0x080001b4   0x00000008   Code   RO         2575    .ARM.Collect$$$$0000000B  mc_w.l(entry9a.o)
    0x080001bc   0x080001bc   0x00000000   Code   RO         2577    .ARM.Collect$$$$0000000D  mc_w.l(entry10a.o)
    0x080001bc   0x080001bc   0x00000000   Code   RO         2579    .ARM.Collect$$$$0000000F  mc_w.l(entry11a.o)
    0x080001bc   0x080001bc   0x00000004   Code   RO         2568    .ARM.Collect$$$$00002712  mc_w.l(entry2.o)
    0x080001c0   0x080001c0   0x00000024   Code   RO         1717    .text               startup_stm32f429xx.o
    0x080001e4   0x080001e4   0x00000024   Code   RO         2581    .text               mc_w.l(init.o)
    0x08000208   0x08000208   0x0000000c   Code   RO         2464    i.BSP_SD_GetCardInfo  bsp_driver_sd.o
    0x08000214   0x08000214   0x00000018   Code   RO         2465    i.BSP_SD_GetCardState  bsp_driver_sd.o
    0x0800022c   0x0800022c   0x00000034   Code   RO         2468    i.BSP_SD_Init       bsp_driver_sd.o
    0x08000260   0x08000260   0x00000020   Code   RO         2470    i.BSP_SD_ReadBlocks  bsp_driver_sd.o
    0x08000280   0x08000280   0x00000020   Code   RO         2472    i.BSP_SD_WriteBlocks  bsp_driver_sd.o
    0x080002a0   0x080002a0   0x00000006   Code   RO         2208    i.FATFS_LinkDriver  ff_gen_drv.o
    0x080002a6   0x080002a6   0x00000002   PAD
    0x080002a8   0x080002a8   0x00000040   Code   RO         2209    i.FATFS_LinkDriverEx  ff_gen_drv.o
    0x080002e8   0x080002e8   0x0000001c   Code   RO          777    i.HAL_Delay         stm32f4xx_hal.o
    0x08000304   0x08000304   0x000001cc   Code   RO          635    i.HAL_GPIO_Init     stm32f4xx_hal_gpio.o
    0x080004d0   0x080004d0   0x0000000a   Code   RO          639    i.HAL_GPIO_WritePin  stm32f4xx_hal_gpio.o
    0x080004da   0x080004da   0x00000002   PAD
    0x080004dc   0x080004dc   0x0000000c   Code   RO          785    i.HAL_GetTick       stm32f4xx_hal.o
    0x080004e8   0x080004e8   0x00000010   Code   RO          787    i.HAL_IncTick       stm32f4xx_hal.o
    0x080004f8   0x080004f8   0x00000034   Code   RO          788    i.HAL_Init          stm32f4xx_hal.o
    0x0800052c   0x0800052c   0x00000028   Code   RO          789    i.HAL_InitTick      stm32f4xx_hal.o
    0x08000554   0x08000554   0x00000058   Code   RO         2387    i.HAL_MspInit       stm32f4xx_hal_msp.o
    0x080005ac   0x080005ac   0x00000040   Code   RO          372    i.HAL_NVIC_SetPriority  stm32f4xx_hal_cortex.o
    0x080005ec   0x080005ec   0x00000024   Code   RO          373    i.HAL_NVIC_SetPriorityGrouping  stm32f4xx_hal_cortex.o
    0x08000610   0x08000610   0x0000017c   Code   RO         1574    i.HAL_RCC_ClockConfig  stm32f4xx_hal_rcc.o
    0x0800078c   0x0800078c   0x0000000c   Code   RO         1579    i.HAL_RCC_GetHCLKFreq  stm32f4xx_hal_rcc.o
    0x08000798   0x08000798   0x00000070   Code   RO         1583    i.HAL_RCC_GetSysClockFreq  stm32f4xx_hal_rcc.o
    0x08000808   0x08000808   0x00000314   Code   RO         1586    i.HAL_RCC_OscConfig  stm32f4xx_hal_rcc.o
    0x08000b1c   0x08000b1c   0x00000078   Code   RO         1056    i.HAL_SD_ConfigWideBusOperation  stm32f4xx_hal_sd.o
    0x08000b94   0x08000b94   0x000001da   Code   RO         1061    i.HAL_SD_GetCardCSD  stm32f4xx_hal_sd.o
    0x08000d6e   0x08000d6e   0x00000024   Code   RO         1062    i.HAL_SD_GetCardInfo  stm32f4xx_hal_sd.o
    0x08000d92   0x08000d92   0x0000002c   Code   RO         1063    i.HAL_SD_GetCardState  stm32f4xx_hal_sd.o
    0x08000dbe   0x08000dbe   0x00000036   Code   RO         1068    i.HAL_SD_Init       stm32f4xx_hal_sd.o
    0x08000df4   0x08000df4   0x00000054   Code   RO         1069    i.HAL_SD_InitCard   stm32f4xx_hal_sd.o
    0x08000e48   0x08000e48   0x00000064   Code   RO         2389    i.HAL_SD_MspInit    stm32f4xx_hal_msp.o
    0x08000eac   0x08000eac   0x000001b2   Code   RO         1072    i.HAL_SD_ReadBlocks  stm32f4xx_hal_sd.o
    0x0800105e   0x0800105e   0x00000002   PAD
    0x08001060   0x08001060   0x0000019a   Code   RO         1077    i.HAL_SD_WriteBlocks  stm32f4xx_hal_sd.o
    0x080011fa   0x080011fa   0x00000018   Code   RO          375    i.HAL_SYSTICK_CLKSourceConfig  stm32f4xx_hal_cortex.o
    0x08001212   0x08001212   0x00000002   Code   RO          376    i.HAL_SYSTICK_Callback  stm32f4xx_hal_cortex.o
    0x08001214   0x08001214   0x00000028   Code   RO          377    i.HAL_SYSTICK_Config  stm32f4xx_hal_cortex.o
    0x0800123c   0x0800123c   0x00000008   Code   RO          378    i.HAL_SYSTICK_IRQHandler  stm32f4xx_hal_cortex.o
    0x08001244   0x08001244   0x0000001c   Code   RO         2423    i.MX_FATFS_Init     fatfs.o
    0x08001260   0x08001260   0x00000068   Code   RO         2335    i.MX_GPIO_Init      main.o
    0x080012c8   0x080012c8   0x00000020   Code   RO          379    i.NVIC_SetPriority  stm32f4xx_hal_cortex.o
    0x080012e8   0x080012e8   0x00000002   Code   RO         2296    i.PendSV_Handler    stm32f4xx_it.o
    0x080012ea   0x080012ea   0x00000024   Code   RO            4    i.SDIO_ConfigData   stm32f4xx_ll_sdmmc.o
    0x0800130e   0x0800130e   0x00000008   Code   RO            8    i.SDIO_GetPowerState  stm32f4xx_ll_sdmmc.o
    0x08001316   0x08001316   0x0000000c   Code   RO            9    i.SDIO_GetResponse  stm32f4xx_ll_sdmmc.o
    0x08001322   0x08001322   0x00000024   Code   RO           10    i.SDIO_Init         stm32f4xx_ll_sdmmc.o
    0x08001346   0x08001346   0x00000008   Code   RO           12    i.SDIO_PowerState_ON  stm32f4xx_ll_sdmmc.o
    0x0800134e   0x0800134e   0x00000006   Code   RO           13    i.SDIO_ReadFIFO     stm32f4xx_ll_sdmmc.o
    0x08001354   0x08001354   0x00000020   Code   RO           14    i.SDIO_SendCommand  stm32f4xx_ll_sdmmc.o
    0x08001374   0x08001374   0x0000000a   Code   RO           16    i.SDIO_WriteFIFO    stm32f4xx_ll_sdmmc.o
    0x0800137e   0x0800137e   0x00000032   Code   RO           17    i.SDMMC_CmdAppCommand  stm32f4xx_ll_sdmmc.o
    0x080013b0   0x080013b0   0x00000034   Code   RO           18    i.SDMMC_CmdAppOperCommand  stm32f4xx_ll_sdmmc.o
    0x080013e4   0x080013e4   0x00000032   Code   RO           19    i.SDMMC_CmdBlockLength  stm32f4xx_ll_sdmmc.o
    0x08001416   0x08001416   0x00000032   Code   RO           20    i.SDMMC_CmdBusWidth  stm32f4xx_ll_sdmmc.o
    0x08001448   0x08001448   0x00000050   Code   RO           24    i.SDMMC_CmdGoIdleState  stm32f4xx_ll_sdmmc.o
    0x08001498   0x08001498   0x00000068   Code   RO           26    i.SDMMC_CmdOperCond  stm32f4xx_ll_sdmmc.o
    0x08001500   0x08001500   0x00000032   Code   RO           27    i.SDMMC_CmdReadMultiBlock  stm32f4xx_ll_sdmmc.o
    0x08001532   0x08001532   0x00000032   Code   RO           28    i.SDMMC_CmdReadSingleBlock  stm32f4xx_ll_sdmmc.o
    0x08001564   0x08001564   0x00000032   Code   RO           31    i.SDMMC_CmdSelDesel  stm32f4xx_ll_sdmmc.o
    0x08001596   0x08001596   0x0000002c   Code   RO           32    i.SDMMC_CmdSendCID  stm32f4xx_ll_sdmmc.o
    0x080015c2   0x080015c2   0x0000002c   Code   RO           33    i.SDMMC_CmdSendCSD  stm32f4xx_ll_sdmmc.o
    0x080015ee   0x080015ee   0x00000030   Code   RO           34    i.SDMMC_CmdSendSCR  stm32f4xx_ll_sdmmc.o
    0x0800161e   0x0800161e   0x00000032   Code   RO           35    i.SDMMC_CmdSendStatus  stm32f4xx_ll_sdmmc.o
    0x08001650   0x08001650   0x00000030   Code   RO           36    i.SDMMC_CmdSetRelAdd  stm32f4xx_ll_sdmmc.o
    0x08001680   0x08001680   0x00000034   Code   RO           38    i.SDMMC_CmdStopTransfer  stm32f4xx_ll_sdmmc.o
    0x080016b4   0x080016b4   0x00000032   Code   RO           40    i.SDMMC_CmdWriteMultiBlock  stm32f4xx_ll_sdmmc.o
    0x080016e6   0x080016e6   0x00000032   Code   RO           41    i.SDMMC_CmdWriteSingleBlock  stm32f4xx_ll_sdmmc.o
    0x08001718   0x08001718   0x0000011c   Code   RO           42    i.SDMMC_GetCmdResp1  stm32f4xx_ll_sdmmc.o
    0x08001834   0x08001834   0x00000050   Code   RO           43    i.SDMMC_GetCmdResp2  stm32f4xx_ll_sdmmc.o
    0x08001884   0x08001884   0x00000040   Code   RO           44    i.SDMMC_GetCmdResp3  stm32f4xx_ll_sdmmc.o
    0x080018c4   0x080018c4   0x00000084   Code   RO           45    i.SDMMC_GetCmdResp6  stm32f4xx_ll_sdmmc.o
    0x08001948   0x08001948   0x000000d4   Code   RO         1085    i.SD_FindSCR        stm32f4xx_hal_sd.o
    0x08001a1c   0x08001a1c   0x000000e6   Code   RO         1086    i.SD_InitCard       stm32f4xx_hal_sd.o
    0x08001b02   0x08001b02   0x000000a2   Code   RO         1087    i.SD_PowerON        stm32f4xx_hal_sd.o
    0x08001ba4   0x08001ba4   0x0000004e   Code   RO         1089    i.SD_WideBus_Disable  stm32f4xx_hal_sd.o
    0x08001bf2   0x08001bf2   0x0000004e   Code   RO         1090    i.SD_WideBus_Enable  stm32f4xx_hal_sd.o
    0x08001c40   0x08001c40   0x00000020   Code   RO         1724    i.SD_initialize     sd_diskio.o
    0x08001c60   0x08001c60   0x00000050   Code   RO         1725    i.SD_ioctl          sd_diskio.o
    0x08001cb0   0x08001cb0   0x0000003c   Code   RO         1726    i.SD_read           sd_diskio.o
    0x08001cec   0x08001cec   0x00000020   Code   RO         1727    i.SD_status         sd_diskio.o
    0x08001d0c   0x08001d0c   0x0000003c   Code   RO         1728    i.SD_write          sd_diskio.o
    0x08001d48   0x08001d48   0x00000002   Code   RO         2297    i.SVC_Handler       stm32f4xx_it.o
    0x08001d4a   0x08001d4a   0x0000000e   Code   RO         2298    i.SysTick_Handler   stm32f4xx_it.o
    0x08001d58   0x08001d58   0x000000a4   Code   RO         2336    i.SystemClock_Config  main.o
    0x08001dfc   0x08001dfc   0x00000054   Code   RO         2259    i.SystemInit        system_stm32f4xx.o
    0x08001e50   0x08001e50   0x0000000e   Code   RO         2585    i.__scatterload_copy  mc_w.l(handlers.o)
    0x08001e5e   0x08001e5e   0x00000002   Code   RO         2586    i.__scatterload_null  mc_w.l(handlers.o)
    0x08001e60   0x08001e60   0x0000000e   Code   RO         2587    i.__scatterload_zeroinit  mc_w.l(handlers.o)
    0x08001e6e   0x08001e6e   0x00000002   PAD
    0x08001e70   0x08001e70   0x00000060   Code   RO         1887    i.check_fs          ff.o
    0x08001ed0   0x08001ed0   0x00000068   Code   RO         1888    i.chk_lock          ff.o
    0x08001f38   0x08001f38   0x00000024   Code   RO         1889    i.clear_lock        ff.o
    0x08001f5c   0x08001f5c   0x0000002e   Code   RO         1890    i.clmt_clust        ff.o
    0x08001f8a   0x08001f8a   0x0000001c   Code   RO         1891    i.clust2sect        ff.o
    0x08001fa6   0x08001fa6   0x000000a4   Code   RO         1892    i.create_chain      ff.o
    0x0800204a   0x0800204a   0x00000002   PAD
    0x0800204c   0x0800204c   0x00000100   Code   RO         1893    i.create_name       ff.o
    0x0800214c   0x0800214c   0x0000003c   Code   RO         1894    i.dec_lock          ff.o
    0x08002188   0x08002188   0x0000011c   Code   RO         1895    i.dir_next          ff.o
    0x080022a4   0x080022a4   0x00000070   Code   RO         1897    i.dir_register      ff.o
    0x08002314   0x08002314   0x0000009e   Code   RO         1899    i.dir_sdi           ff.o
    0x080023b2   0x080023b2   0x00000002   PAD
    0x080023b4   0x080023b4   0x00000028   Code   RO         1801    i.disk_initialize   diskio.o
    0x080023dc   0x080023dc   0x0000001c   Code   RO         1802    i.disk_ioctl        diskio.o
    0x080023f8   0x080023f8   0x0000001c   Code   RO         1803    i.disk_read         diskio.o
    0x08002414   0x08002414   0x00000018   Code   RO         1804    i.disk_status       diskio.o
    0x0800242c   0x0800242c   0x0000001c   Code   RO         1805    i.disk_write        diskio.o
    0x08002448   0x08002448   0x0000002a   Code   RO         1901    i.f_close           ff.o
    0x08002472   0x08002472   0x00000002   PAD
    0x08002474   0x08002474   0x00000064   Code   RO         1908    i.f_mount           ff.o
    0x080024d8   0x080024d8   0x000001e8   Code   RO         1909    i.f_open            ff.o
    0x080026c0   0x080026c0   0x000000a2   Code   RO         1918    i.f_sync            ff.o
    0x08002762   0x08002762   0x000001c6   Code   RO         1922    i.f_write           ff.o
    0x08002928   0x08002928   0x0000026c   Code   RO         1923    i.find_volume       ff.o
    0x08002b94   0x08002b94   0x000000b8   Code   RO         1924    i.follow_path       ff.o
    0x08002c4c   0x08002c4c   0x000000e6   Code   RO         1925    i.get_fat           ff.o
    0x08002d32   0x08002d32   0x00000004   Code   RO         2424    i.get_fattime       fatfs.o
    0x08002d36   0x08002d36   0x0000003c   Code   RO         1927    i.get_ldnumber      ff.o
    0x08002d72   0x08002d72   0x00000002   PAD
    0x08002d74   0x08002d74   0x00000098   Code   RO         1928    i.inc_lock          ff.o
    0x08002e0c   0x08002e0c   0x00000016   Code   RO         1929    i.ld_clust          ff.o
    0x08002e22   0x08002e22   0x00000002   PAD
    0x08002e24   0x08002e24   0x000000bc   Code   RO         2338    i.main              main.o
    0x08002ee0   0x08002ee0   0x00000012   Code   RO         1930    i.mem_cpy           ff.o
    0x08002ef2   0x08002ef2   0x0000000e   Code   RO         1931    i.mem_set           ff.o
    0x08002f00   0x08002f00   0x00000038   Code   RO         1932    i.move_window       ff.o
    0x08002f38   0x08002f38   0x0000011e   Code   RO         1933    i.put_fat           ff.o
    0x08003056   0x08003056   0x00000066   Code   RO         1935    i.remove_chain      ff.o
    0x080030bc   0x080030bc   0x00000010   Code   RO         1936    i.st_clust          ff.o
    0x080030cc   0x080030cc   0x000000a8   Code   RO         1937    i.sync_fs           ff.o
    0x08003174   0x08003174   0x00000052   Code   RO         1938    i.sync_window       ff.o
    0x080031c6   0x080031c6   0x0000002a   Code   RO         1939    i.validate          ff.o
    0x080031f0   0x080031f0   0x00000014   Data   RO         1729    .constdata          sd_diskio.o
    0x08003204   0x08003204   0x000000ac   Data   RO         1941    .constdata          ff.o
    0x080032b0   0x080032b0   0x00000010   Data   RO         2260    .constdata          system_stm32f4xx.o
    0x080032c0   0x080032c0   0x00000020   Data   RO         2583    Region$$Table       anon$$obj.o


    Execution Region RW_IRAM1 (Exec base: 0x20000000, Load base: 0x080032e0, Size: 0x000040c8, Max: 0x00030000, ABSOLUTE)

    Exec Addr    Load Addr    Size         Type   Attr      Idx    E Section Name        Object

    0x20000000   0x080032e0   0x00000004   Data   RW          794    .data               stm32f4xx_hal.o
    0x20000004   0x080032e4   0x00000001   Data   RW         1730    .data               sd_diskio.o
    0x20000005   0x080032e5   0x00000003   PAD
    0x20000008   0x080032e8   0x00000008   Data   RW         1942    .data               ff.o
    0x20000010   0x080032f0   0x00000004   Data   RW         2262    .data               system_stm32f4xx.o
    0x20000014   0x080032f4   0x00000005   Data   RW         2425    .data               fatfs.o
    0x20000019   0x080032f9   0x00000003   PAD
    0x2000001c        -       0x00000018   Zero   RW         1940    .bss                ff.o
    0x20000034        -       0x0000000c   Zero   RW         2212    .bss                ff_gen_drv.o
    0x20000040        -       0x00000084   Zero   RW         2339    .bss                main.o
    0x200000c4   0x080032f9   0x00000004   PAD
    0x200000c8        -       0x00004000   Zero   RW         1714    STACK               startup_stm32f429xx.o


==============================================================================

Image component sizes


      Code (inc. data)   RO Data    RW Data    ZI Data      Debug   Object Name

       152         24          0          0          0       3462   bsp_driver_sd.o
       148         22          0          0          0       3673   diskio.o
        32         10          0          5          0       1370   fatfs.o
      4642         70        172          8         24      32446   ff.o
        70          4          0          0         12       1603   ff_gen_drv.o
       456         64          0          0        132       2791   main.o
       264         34         20          1          0       9192   sd_diskio.o
        36          8        428          0      16384        792   startup_stm32f429xx.o
       148         22          0          4          0       4351   stm32f4xx_hal.o
       206         14          0          0          0      31392   stm32f4xx_hal_cortex.o
       470         52          0          0          0       2412   stm32f4xx_hal_gpio.o
       188         16          0          0          0       1483   stm32f4xx_hal_msp.o
      1292         48          0          0          0       4418   stm32f4xx_hal_rcc.o
      2416          4          0          0          0      12980   stm32f4xx_hal_sd.o
        18          0          0          0          0       1357   stm32f4xx_it.o
      1630         42          0          0          0     744339   stm32f4xx_ll_sdmmc.o
        84         18         16          4          0       1123   system_stm32f4xx.o

    ----------------------------------------------------------------------
     12268        452        668         28      16556     859184   Object Totals
         0          0         32          0          0          0   (incl. Generated)
        16          0          0          6          4          0   (incl. Padding)

    ----------------------------------------------------------------------

      Code (inc. data)   RO Data    RW Data    ZI Data      Debug   Library Member Name

         0          0          0          0          0          0   entry.o
         0          0          0          0          0          0   entry10a.o
         0          0          0          0          0          0   entry11a.o
         8          4          0          0          0          0   entry2.o
         4          0          0          0          0          0   entry5.o
         0          0          0          0          0          0   entry7b.o
         0          0          0          0          0          0   entry8b.o
         8          4          0          0          0          0   entry9a.o
        30          0          0          0          0          0   handlers.o
        36          8          0          0          0         68   init.o

    ----------------------------------------------------------------------
        88         16          0          0          0         68   Library Totals
         2          0          0          0          0          0   (incl. Padding)

    ----------------------------------------------------------------------

      Code (inc. data)   RO Data    RW Data    ZI Data      Debug   Library Name

        86         16          0          0          0         68   mc_w.l

    ----------------------------------------------------------------------
        88         16          0          0          0         68   Library Totals

    ----------------------------------------------------------------------

==============================================================================


      Code (inc. data)   RO Data    RW Data    ZI Data      Debug   

     12356        468        668         28      16556     848356   Grand Totals
     12356        468        668         28      16556     848356   ELF Image Totals
     12356        468        668         28          0          0   ROM Totals

==============================================================================

    Total RO  Size (Code + RO Data)                13024 (  12.72kB)
    Total RW  Size (RW Data + ZI Data)             16584 (  16.20kB)
    Total ROM Size (Code + RO Data + RW Data)      13052 (  12.75kB)

==============================================================================

